Component: ARM Compiler 5.06 update 4 (build 422) Tool: armlink [4d35d2]

==============================================================================

Section Cross References

    startup_stm32l476xx.o(RESET) refers to startup_stm32l476xx.o(STACK) for __initial_sp
    startup_stm32l476xx.o(RESET) refers to startup_stm32l476xx.o(.text) for Reset_Handler
    startup_stm32l476xx.o(RESET) refers to stm32l4xx_it.o(i.NMI_Handler) for NMI_Handler
    startup_stm32l476xx.o(RESET) refers to stm32l4xx_it.o(i.HardFault_Handler) for HardFault_Handler
    startup_stm32l476xx.o(RESET) refers to stm32l4xx_it.o(i.MemManage_Handler) for MemManage_Handler
    startup_stm32l476xx.o(RESET) refers to stm32l4xx_it.o(i.BusFault_Handler) for BusFault_Handler
    startup_stm32l476xx.o(RESET) refers to stm32l4xx_it.o(i.UsageFault_Handler) for UsageFault_Handler
    startup_stm32l476xx.o(RESET) refers to stm32l4xx_it.o(i.SVC_Handler) for SVC_Handler
    startup_stm32l476xx.o(RESET) refers to stm32l4xx_it.o(i.DebugMon_Handler) for DebugMon_Handler
    startup_stm32l476xx.o(RESET) refers to stm32l4xx_it.o(i.PendSV_Handler) for PendSV_Handler
    startup_stm32l476xx.o(RESET) refers to stm32l4xx_it.o(i.SysTick_Handler) for SysTick_Handler
    startup_stm32l476xx.o(RESET) refers to stm32l4xx_it.o(i.EXTI0_IRQHandler) for EXTI0_IRQHandler
    startup_stm32l476xx.o(RESET) refers to stm32l4xx_it.o(i.EXTI1_IRQHandler) for EXTI1_IRQHandler
    startup_stm32l476xx.o(RESET) refers to stm32l4xx_it.o(i.EXTI2_IRQHandler) for EXTI2_IRQHandler
    startup_stm32l476xx.o(RESET) refers to stm32l4xx_it.o(i.EXTI3_IRQHandler) for EXTI3_IRQHandler
    startup_stm32l476xx.o(RESET) refers to stm32l4xx_it.o(i.EXTI9_5_IRQHandler) for EXTI9_5_IRQHandler
    startup_stm32l476xx.o(RESET) refers to stm32l4xx_it.o(i.I2C1_EV_IRQHandler) for I2C1_EV_IRQHandler
    startup_stm32l476xx.o(RESET) refers to stm32l4xx_it.o(i.I2C1_ER_IRQHandler) for I2C1_ER_IRQHandler
    startup_stm32l476xx.o(RESET) refers to stm32l4xx_it.o(i.RTC_Alarm_IRQHandler) for RTC_Alarm_IRQHandler
    startup_stm32l476xx.o(.text) refers to system_stm32l4xx_1.o(i.SystemInit) for SystemInit
    startup_stm32l476xx.o(.text) refers to entry.o(.ARM.Collect$$$$00000000) for __main
    main.o(i.HAL_GPIO_EXTI_Callback) refers to stm32l4xx_hal.o(i.HAL_GetTick) for HAL_GetTick
    main.o(i.HAL_GPIO_EXTI_Callback) refers to main.o(.data) for .data
    main.o(i.HAL_RTC_AlarmAEventCallback) refers to stm32l476g_discovery.o(i.BSP_LED_Toggle) for BSP_LED_Toggle
    main.o(i.HAL_RTC_AlarmAEventCallback) refers to stm32l4xx_hal_rtc.o(i.HAL_RTC_GetTime) for HAL_RTC_GetTime
    main.o(i.HAL_RTC_AlarmAEventCallback) refers to stm32l4xx_hal_rtc.o(i.HAL_RTC_GetDate) for HAL_RTC_GetDate
    main.o(i.HAL_RTC_AlarmAEventCallback) refers to main.o(.bss) for .bss
    main.o(i.HAL_RTC_AlarmAEventCallback) refers to main.o(.data) for .data
    main.o(i.MX_GPIO_Init) refers to memseta.o(.text) for __aeabi_memclr4
    main.o(i.MX_GPIO_Init) refers to stm32l4xx_hal_gpio.o(i.HAL_GPIO_Init) for HAL_GPIO_Init
    main.o(i.MX_GPIO_Init) refers to stm32l4xx_hal_cortex.o(i.HAL_NVIC_SetPriority) for HAL_NVIC_SetPriority
    main.o(i.MX_GPIO_Init) refers to stm32l4xx_hal_cortex.o(i.HAL_NVIC_EnableIRQ) for HAL_NVIC_EnableIRQ
    main.o(i.MX_I2C1_Init) refers to stm32l4xx_hal_i2c.o(i.HAL_I2C_Init) for HAL_I2C_Init
    main.o(i.MX_I2C1_Init) refers to stm32l4xx_hal_i2c_ex.o(i.HAL_I2CEx_ConfigAnalogFilter) for HAL_I2CEx_ConfigAnalogFilter
    main.o(i.MX_I2C1_Init) refers to stm32l4xx_hal_i2c_ex.o(i.HAL_I2CEx_ConfigDigitalFilter) for HAL_I2CEx_ConfigDigitalFilter
    main.o(i.MX_I2C1_Init) refers to main.o(.bss) for .bss
    main.o(i.MX_RTC_Init) refers to memseta.o(.text) for __aeabi_memclr4
    main.o(i.MX_RTC_Init) refers to stm32l4xx_hal_rtc.o(i.HAL_RTC_Init) for HAL_RTC_Init
    main.o(i.MX_RTC_Init) refers to stm32l4xx_hal_rtc.o(i.HAL_RTC_SetTime) for HAL_RTC_SetTime
    main.o(i.MX_RTC_Init) refers to stm32l4xx_hal_rtc.o(i.HAL_RTC_SetDate) for HAL_RTC_SetDate
    main.o(i.MX_RTC_Init) refers to stm32l4xx_hal_rtc.o(i.HAL_RTC_SetAlarm_IT) for HAL_RTC_SetAlarm_IT
    main.o(i.MX_RTC_Init) refers to main.o(.bss) for .bss
    main.o(i.ReadEEPROM) refers to i2c_at24c64.o(i.I2C_ByteRead) for I2C_ByteRead
    main.o(i.ReadEEPROM) refers to main.o(i.displayEEPROM) for displayEEPROM
    main.o(i.ReadEEPROM) refers to main.o(.data) for .data
    main.o(i.ReadEEPROM) refers to main.o(.bss) for .bss
    main.o(i.SystemClock_Config) refers to memseta.o(.text) for __aeabi_memclr4
    main.o(i.SystemClock_Config) refers to stm32l4xx_hal_rcc.o(i.HAL_RCC_OscConfig) for HAL_RCC_OscConfig
    main.o(i.SystemClock_Config) refers to stm32l4xx_hal_rcc.o(i.HAL_RCC_ClockConfig) for HAL_RCC_ClockConfig
    main.o(i.SystemClock_Config) refers to stm32l4xx_hal_rcc_ex.o(i.HAL_RCCEx_PeriphCLKConfig) for HAL_RCCEx_PeriphCLKConfig
[...]
    Removing stm32l4xx_hal_pwr_ex.o(i.HAL_PWREx_PVD_PVM_IRQHandler), (88 bytes).
    Removing stm32l4xx_hal_pwr_ex.o(i.HAL_PWREx_PVM1Callback), (2 bytes).
    Removing stm32l4xx_hal_pwr_ex.o(i.HAL_PWREx_PVM2Callback), (2 bytes).
    Removing stm32l4xx_hal_pwr_ex.o(i.HAL_PWREx_PVM3Callback), (2 bytes).
    Removing stm32l4xx_hal_pwr_ex.o(i.HAL_PWREx_PVM4Callback), (2 bytes).
    Removing stm32l4xx_hal_pwr_ex.o(i.HAL_PWREx_SetSRAM2ContentRetention), (40 bytes).
    Removing stm32l4xx_hal_cortex.o(.rev16_text), (4 bytes).
    Removing stm32l4xx_hal_cortex.o(.revsh_text), (4 bytes).
    Removing stm32l4xx_hal_cortex.o(.rrx_text), (6 bytes).
    Removing stm32l4xx_hal_cortex.o(i.HAL_MPU_ConfigRegion), (84 bytes).
    Removing stm32l4xx_hal_cortex.o(i.HAL_MPU_Disable), (16 bytes).
    Removing stm32l4xx_hal_cortex.o(i.HAL_MPU_Enable), (24 bytes).
    Removing stm32l4xx_hal_cortex.o(i.HAL_NVIC_ClearPendingIRQ), (26 bytes).
    Removing stm32l4xx_hal_cortex.o(i.HAL_NVIC_GetActive), (36 bytes).
    Removing stm32l4xx_hal_cortex.o(i.HAL_NVIC_GetPendingIRQ), (36 bytes).
    Removing stm32l4xx_hal_cortex.o(i.HAL_NVIC_GetPriority), (82 bytes).
    Removing stm32l4xx_hal_cortex.o(i.HAL_NVIC_GetPriorityGrouping), (16 bytes).
    Removing stm32l4xx_hal_cortex.o(i.HAL_NVIC_SetPendingIRQ), (26 bytes).
    Removing stm32l4xx_hal_cortex.o(i.HAL_NVIC_SystemReset), (36 bytes).
    Removing stm32l4xx_hal_cortex.o(i.HAL_SYSTICK_CLKSourceConfig), (24 bytes).
    Removing stm32l4xx_hal_cortex.o(i.HAL_SYSTICK_Callback), (2 bytes).
    Removing stm32l4xx_hal_cortex.o(i.HAL_SYSTICK_IRQHandler), (8 bytes).
    Removing stm32l4xx_hal_exti.o(.rev16_text), (4 bytes).
    Removing stm32l4xx_hal_exti.o(.revsh_text), (4 bytes).
    Removing stm32l4xx_hal_exti.o(.rrx_text), (6 bytes).
    Removing stm32l4xx_hal_exti.o(i.HAL_EXTI_ClearConfigLine), (128 bytes).
    Removing stm32l4xx_hal_exti.o(i.HAL_EXTI_ClearPending), (28 bytes).
    Removing stm32l4xx_hal_exti.o(i.HAL_EXTI_GenerateSWI), (28 bytes).
    Removing stm32l4xx_hal_exti.o(i.HAL_EXTI_GetConfigLine), (172 bytes).
    Removing stm32l4xx_hal_exti.o(i.HAL_EXTI_GetHandle), (12 bytes).
    Removing stm32l4xx_hal_exti.o(i.HAL_EXTI_GetPending), (32 bytes).
    Removing stm32l4xx_hal_exti.o(i.HAL_EXTI_IRQHandler), (44 bytes).
    Removing stm32l4xx_hal_exti.o(i.HAL_EXTI_RegisterCallback), (14 bytes).
    Removing stm32l4xx_hal_exti.o(i.HAL_EXTI_SetConfigLine), (176 bytes).
    Removing stm32l4xx_hal_rtc.o(.rev16_text), (4 bytes).
    Removing stm32l4xx_hal_rtc.o(.revsh_text), (4 bytes).
    Removing stm32l4xx_hal_rtc.o(.rrx_text), (6 bytes).
    Removing stm32l4xx_hal_rtc.o(i.HAL_RTC_AlarmAEventCallback), (2 bytes).
    Removing stm32l4xx_hal_rtc.o(i.HAL_RTC_DeInit), (144 bytes).
    Removing stm32l4xx_hal_rtc.o(i.HAL_RTC_DeactivateAlarm), (186 bytes).
    Removing stm32l4xx_hal_rtc.o(i.HAL_RTC_GetAlarm), (126 bytes).
    Removing stm32l4xx_hal_rtc.o(i.HAL_RTC_GetState), (6 bytes).
    Removing stm32l4xx_hal_rtc.o(i.HAL_RTC_MspDeInit), (2 bytes).
    Removing stm32l4xx_hal_rtc.o(i.HAL_RTC_MspInit), (2 bytes).
    Removing stm32l4xx_hal_rtc.o(i.HAL_RTC_PollForAlarmAEvent), (70 bytes).
    Removing stm32l4xx_hal_rtc.o(i.HAL_RTC_SetAlarm), (382 bytes).
    Removing stm32l4xx_hal_rtc_ex.o(.rev16_text), (4 bytes).
    Removing stm32l4xx_hal_rtc_ex.o(.revsh_text), (4 bytes).
    Removing stm32l4xx_hal_rtc_ex.o(.rrx_text), (6 bytes).
    Removing stm32l4xx_hal_rtc_ex.o(i.HAL_RTCEx_BKUPRead), (10 bytes).
    Removing stm32l4xx_hal_rtc_ex.o(i.HAL_RTCEx_BKUPWrite), (16 bytes).
    Removing stm32l4xx_hal_rtc_ex.o(i.HAL_RTCEx_DeactivateCalibrationOutPut), (66 bytes).
    Removing stm32l4xx_hal_rtc_ex.o(i.HAL_RTCEx_DeactivateInternalTimeStamp), (66 bytes).
    Removing stm32l4xx_hal_rtc_ex.o(i.HAL_RTCEx_DeactivateRefClock), (86 bytes).
    Removing stm32l4xx_hal_rtc_ex.o(i.HAL_RTCEx_DeactivateTamper), (104 bytes).
    Removing stm32l4xx_hal_rtc_ex.o(i.HAL_RTCEx_DeactivateTimeStamp), (80 bytes).
    Removing stm32l4xx_hal_rtc_ex.o(i.HAL_RTCEx_DeactivateWakeUpTimer), (138 bytes).
    Removing stm32l4xx_hal_rtc_ex.o(i.HAL_RTCEx_DisableBypassShadow), (72 bytes).
    Removing stm32l4xx_hal_rtc_ex.o(i.HAL_RTCEx_EnableBypassShadow), (66 bytes).
    Removing stm32l4xx_hal_rtc_ex.o(i.HAL_RTCEx_GetTimeStamp), (164 bytes).
    Removing stm32l4xx_hal_rtc_ex.o(i.HAL_RTCEx_GetWakeUpTimer), (8 bytes).
    Removing stm32l4xx_hal_rtc_ex.o(i.HAL_RTCEx_PollForAlarmBEvent), (70 bytes).
    Removing stm32l4xx_hal_rtc_ex.o(i.HAL_RTCEx_PollForTamper1Event), (70 bytes).
    Removing stm32l4xx_hal_rtc_ex.o(i.HAL_RTCEx_PollForTamper2Event), (70 bytes).
    Removing stm32l4xx_hal_rtc_ex.o(i.HAL_RTCEx_PollForTamper3Event), (72 bytes).
    Removing stm32l4xx_hal_rtc_ex.o(i.HAL_RTCEx_PollForTimeStampEvent), (84 bytes).
    Removing stm32l4xx_hal_rtc_ex.o(i.HAL_RTCEx_PollForWakeUpTimerEvent), (70 bytes).
    Removing stm32l4xx_hal_rtc_ex.o(i.HAL_RTCEx_SetCalibrationOutPut), (86 bytes).
    Removing stm32l4xx_hal_rtc_ex.o(i.HAL_RTCEx_SetInternalTimeStamp), (66 bytes).
    Removing stm32l4xx_hal_rtc_ex.o(i.HAL_RTCEx_SetRefClock), (86 bytes).
    Removing stm32l4xx_hal_rtc_ex.o(i.HAL_RTCEx_SetSmoothCalib), (162 bytes).
    Removing stm32l4xx_hal_rtc_ex.o(i.HAL_RTCEx_SetSynchroShift), (174 bytes).
    Removing stm32l4xx_hal_rtc_ex.o(i.HAL_RTCEx_SetTamper), (252 bytes).
    Removing stm32l4xx_hal_rtc_ex.o(i.HAL_RTCEx_SetTamper_IT), (316 bytes).
    Removing stm32l4xx_hal_rtc_ex.o(i.HAL_RTCEx_SetTimeStamp), (82 bytes).
    Removing stm32l4xx_hal_rtc_ex.o(i.HAL_RTCEx_SetTimeStamp_IT), (120 bytes).
    Removing stm32l4xx_hal_rtc_ex.o(i.HAL_RTCEx_SetWakeUpTimer), (178 bytes).
    Removing stm32l4xx_hal_rtc_ex.o(i.HAL_RTCEx_SetWakeUpTimer_IT), (226 bytes).
    Removing stm32l4xx_hal_rtc_ex.o(i.HAL_RTCEx_Tamper1EventCallback), (2 bytes).
    Removing stm32l4xx_hal_rtc_ex.o(i.HAL_RTCEx_Tamper2EventCallback), (2 bytes).
    Removing stm32l4xx_hal_rtc_ex.o(i.HAL_RTCEx_Tamper3EventCallback), (2 bytes).
    Removing stm32l4xx_hal_rtc_ex.o(i.HAL_RTCEx_TamperTimeStampIRQHandler), (176 bytes).
    Removing stm32l4xx_hal_rtc_ex.o(i.HAL_RTCEx_TimeStampEventCallback), (2 bytes).
    Removing stm32l4xx_hal_rtc_ex.o(i.HAL_RTCEx_WakeUpTimerEventCallback), (2 bytes).
    Removing stm32l4xx_hal_rtc_ex.o(i.HAL_RTCEx_WakeUpTimerIRQHandler), (52 bytes).
    Removing stm32l4xx_hal_tim.o(.rev16_text), (4 bytes).
    Removing stm32l4xx_hal_tim.o(.revsh_text), (4 bytes).
    Removing stm32l4xx_hal_tim.o(.rrx_text), (6 bytes).
    Removing stm32l4xx_hal_tim_ex.o(.rev16_text), (4 bytes).
    Removing stm32l4xx_hal_tim_ex.o(.revsh_text), (4 bytes).
    Removing stm32l4xx_hal_tim_ex.o(.rrx_text), (6 bytes).
    Removing stm32l4xx_hal_lcd.o(.rev16_text), (4 bytes).
    Removing stm32l4xx_hal_lcd.o(.revsh_text), (4 bytes).
    Removing stm32l4xx_hal_lcd.o(.rrx_text), (6 bytes).
    Removing stm32l4xx_hal_lcd.o(i.HAL_LCD_DeInit), (36 bytes).
    Removing stm32l4xx_hal_lcd.o(i.HAL_LCD_GetError), (4 bytes).
    Removing stm32l4xx_hal_lcd.o(i.HAL_LCD_GetState), (6 bytes).
    Removing stm32l4xx_hal_lcd.o(i.HAL_LCD_MspDeInit), (2 bytes).
    Removing system_stm32l4xx_1.o(.rev16_text), (4 bytes).
    Removing system_stm32l4xx_1.o(.revsh_text), (4 bytes).
    Removing system_stm32l4xx_1.o(.rrx_text), (6 bytes).
    Removing system_stm32l4xx_1.o(i.SystemCoreClockUpdate), (168 bytes).
    Removing system_stm32l4xx_1.o(.constdata), (8 bytes).
    Removing dadd.o(.text), (350 bytes).
    Removing dmul.o(.text), (234 bytes).
    Removing ddiv.o(.text), (222 bytes).
    Removing dfixul.o(.text), (48 bytes).
    Removing cdrcmple.o(.text), (48 bytes).
    Removing depilogue.o(.text), (186 bytes).

408 unused section(s) (total 28534 bytes) removed from the image.

==============================================================================

Image Symbol Table

    Local Symbols

    Symbol Name                              Value     Ov Type        Size  Object(Section)

    ../Core/Src/main.c                       0x00000000   Number         0  main.o ABSOLUTE
    ../Core/Src/stm32l4xx_hal_msp.c          0x00000000   Number         0  stm32l4xx_hal_msp.o ABSOLUTE
    ../Core/Src/stm32l4xx_it.c               0x00000000   Number         0  stm32l4xx_it.o ABSOLUTE
    ../Core/Src/system_stm32l4xx.c           0x00000000   Number         0  system_stm32l4xx_1.o ABSOLUTE
    ../Drivers/STM32L4xx_HAL_Driver/Src/stm32l4xx_hal.c 0x00000000   Number         0  stm32l4xx_hal.o ABSOLUTE
    ../Drivers/STM32L4xx_HAL_Driver/Src/stm32l4xx_hal_cortex.c 0x00000000   Number         0  stm32l4xx_hal_cortex.o ABSOLUTE
    ../Drivers/STM32L4xx_HAL_Driver/Src/stm32l4xx_hal_dma.c 0x00000000   Number         0  stm32l4xx_hal_dma.o ABSOLUTE
    ../Drivers/STM32L4xx_HAL_Driver/Src/stm32l4xx_hal_dma_ex.c 0x00000000   Number         0  stm32l4xx_hal_dma_ex.o ABSOLUTE
    ../Drivers/STM32L4xx_HAL_Driver/Src/stm32l4xx_hal_exti.c 0x00000000   Number         0  stm32l4xx_hal_exti.o ABSOLUTE
    ../Drivers/STM32L4xx_HAL_Driver/Src/stm32l4xx_hal_flash.c 0x00000000   Number         0  stm32l4xx_hal_flash.o ABSOLUTE
    ../Drivers/STM32L4xx_HAL_Driver/Src/stm32l4xx_hal_flash_ex.c 0x00000000   Number         0  stm32l4xx_hal_flash_ex.o ABSOLUTE
    ../Drivers/STM32L4xx_HAL_Driver/Src/stm32l4xx_hal_flash_ramfunc.c 0x00000000   Number         0  stm32l4xx_hal_flash_ramfunc.o ABSOLUTE
    ../Drivers/STM32L4xx_HAL_Driver/Src/stm32l4xx_hal_gpio.c 0x00000000   Number         0  stm32l4xx_hal_gpio.o ABSOLUTE
    ../Drivers/STM32L4xx_HAL_Driver/Src/stm32l4xx_hal_i2c.c 0x00000000   Number         0  stm32l4xx_hal_i2c.o ABSOLUTE
    ../Drivers/STM32L4xx_HAL_Driver/Src/stm32l4xx_hal_i2c_ex.c 0x00000000   Number         0  stm32l4xx_hal_i2c_ex.o ABSOLUTE
    ../Drivers/STM32L4xx_HAL_Driver/Src/stm32l4xx_hal_pwr.c 0x00000000   Number         0  stm32l4xx_hal_pwr.o ABSOLUTE
    ../Drivers/STM32L4xx_HAL_Driver/Src/stm32l4xx_hal_pwr_ex.c 0x00000000   Number         0  stm32l4xx_hal_pwr_ex.o ABSOLUTE
    ../Drivers/STM32L4xx_HAL_Driver/Src/stm32l4xx_hal_rcc.c 0x00000000   Number         0  stm32l4xx_hal_rcc.o ABSOLUTE
    ../Drivers/STM32L4xx_HAL_Driver/Src/stm32l4xx_hal_rcc_ex.c 0x00000000   Number         0  stm32l4xx_hal_rcc_ex.o ABSOLUTE
    ../Drivers/STM32L4xx_HAL_Driver/Src/stm32l4xx_hal_rtc.c 0x00000000   Number         0  stm32l4xx_hal_rtc.o ABSOLUTE
    ../Drivers/STM32L4xx_HAL_Driver/Src/stm32l4xx_hal_rtc_ex.c 0x00000000   Number         0  stm32l4xx_hal_rtc_ex.o ABSOLUTE
    ../Drivers/STM32L4xx_HAL_Driver/Src/stm32l4xx_hal_tim.c 0x00000000   Number         0  stm32l4xx_hal_tim.o ABSOLUTE
    ../Drivers/STM32L4xx_HAL_Driver/Src/stm32l4xx_hal_tim_ex.c 0x00000000   Number         0  stm32l4xx_hal_tim_ex.o ABSOLUTE
    ../clib/microlib/division.c              0x00000000   Number         0  uldiv.o ABSOLUTE
    ../clib/microlib/division.c              0x00000000   Number         0  uidiv.o ABSOLUTE
    ../clib/microlib/init/entry.s            0x00000000   Number         0  entry8b.o ABSOLUTE
    ../clib/microlib/init/entry.s            0x00000000   Number         0  entry11b.o ABSOLUTE
    ../clib/microlib/init/entry.s            0x00000000   Number         0  entry10a.o ABSOLUTE
    ../clib/microlib/init/entry.s            0x00000000   Number         0  entry11a.o ABSOLUTE
    ../clib/microlib/init/entry.s            0x00000000   Number         0  entry2.o ABSOLUTE
    ../clib/microlib/init/entry.s            0x00000000   Number         0  entry.o ABSOLUTE
    ../clib/microlib/init/entry.s            0x00000000   Number         0  entry5.o ABSOLUTE
    ../clib/microlib/init/entry.s            0x00000000   Number         0  entry7a.o ABSOLUTE
    ../clib/microlib/init/entry.s            0x00000000   Number         0  entry9b.o ABSOLUTE
    ../clib/microlib/init/entry.s            0x00000000   Number         0  entry8a.o ABSOLUTE
    ../clib/microlib/init/entry.s            0x00000000   Number         0  entry7b.o ABSOLUTE
    ../clib/microlib/init/entry.s            0x00000000   Number         0  entry9a.o ABSOLUTE
    ../clib/microlib/init/entry.s            0x00000000   Number         0  entry10b.o ABSOLUTE
    ../clib/microlib/longlong.c              0x00000000   Number         0  llsshr.o ABSOLUTE
    ../clib/microlib/longlong.c              0x00000000   Number         0  llushr.o ABSOLUTE
    ../clib/microlib/longlong.c              0x00000000   Number         0  llshl.o ABSOLUTE
    ../clib/microlib/printf/printf.c         0x00000000   Number         0  printf5.o ABSOLUTE
    ../clib/microlib/printf/printf.c         0x00000000   Number         0  printf6.o ABSOLUTE
    ../clib/microlib/printf/printf.c         0x00000000   Number         0  printf7.o ABSOLUTE
    ../clib/microlib/printf/printf.c         0x00000000   Number         0  printf8.o ABSOLUTE
    ../clib/microlib/printf/printf.c         0x00000000   Number         0  printf2.o ABSOLUTE
    ../clib/microlib/printf/printf.c         0x00000000   Number         0  printfb.o ABSOLUTE
    ../clib/microlib/printf/printf.c         0x00000000   Number         0  printf0.o ABSOLUTE
    ../clib/microlib/printf/printf.c         0x00000000   Number         0  printf1.o ABSOLUTE
    ../clib/microlib/printf/printf.c         0x00000000   Number         0  printfa.o ABSOLUTE
    ../clib/microlib/printf/printf.c         0x00000000   Number         0  printf3.o ABSOLUTE
    ../clib/microlib/printf/printf.c         0x00000000   Number         0  printf4.o ABSOLUTE
    ../clib/microlib/printf/stubs.s          0x00000000   Number         0  stubs.o ABSOLUTE
    ../clib/microlib/stdio/fputc.c           0x00000000   Number         0  fputc.o ABSOLUTE
    ../clib/microlib/stdio/semi.s            0x00000000   Number         0  semi.o ABSOLUTE
    ../clib/microlib/stdio/streams.c         0x00000000   Number         0  stdout.o ABSOLUTE
    ../clib/microlib/string/memset.c         0x00000000   Number         0  memseta.o ABSOLUTE
    ../clib/microlib/stubs.s                 0x00000000   Number         0  iusefp.o ABSOLUTE
    ../clib/microlib/stubs.s                 0x00000000   Number         0  iusesemip.o ABSOLUTE
    ../fplib/microlib/fpadd.c                0x00000000   Number         0  dadd.o ABSOLUTE
    ../fplib/microlib/fpdiv.c                0x00000000   Number         0  ddiv.o ABSOLUTE
    ../fplib/microlib/fpepilogue.c           0x00000000   Number         0  depilogue.o ABSOLUTE
    ../fplib/microlib/fpfix.c                0x00000000   Number         0  dfixul.o ABSOLUTE
    ../fplib/microlib/fpmul.c                0x00000000   Number         0  dmul.o ABSOLUTE
    ..\Core\Src\i2c_at24c64.c                0x00000000   Number         0  i2c_at24c64.o ABSOLUTE
    ..\Core\Src\main.c                       0x00000000   Number         0  main.o ABSOLUTE
    ..\Core\Src\stm32l476g_discovery.c       0x00000000   Number         0  stm32l476g_discovery.o ABSOLUTE
    ..\Core\Src\stm32l476g_discovery_glass_lcd.c 0x00000000   Number         0  stm32l476g_discovery_glass_lcd.o ABSOLUTE
    ..\Core\Src\stm32l4xx_hal_msp.c          0x00000000   Number         0  stm32l4xx_hal_msp.o ABSOLUTE
    ..\Core\Src\stm32l4xx_it.c               0x00000000   Number         0  stm32l4xx_it.o ABSOLUTE
    ..\Core\Src\system_stm32l4xx.c           0x00000000   Number         0  system_stm32l4xx_1.o ABSOLUTE
    ..\Drivers\STM32L4xx_HAL_Driver\Src\stm32l4xx_hal.c 0x00000000   Number         0  stm32l4xx_hal.o ABSOLUTE
    ..\Drivers\STM32L4xx_HAL_Driver\Src\stm32l4xx_hal_cortex.c 0x00000000   Number         0  stm32l4xx_hal_cortex.o ABSOLUTE
    ..\Drivers\STM32L4xx_HAL_Driver\Src\stm32l4xx_hal_dma.c 0x00000000   Number         0  stm32l4xx_hal_dma.o ABSOLUTE
    ..\Drivers\STM32L4xx_HAL_Driver\Src\stm32l4xx_hal_dma_ex.c 0x00000000   Number         0  stm32l4xx_hal_dma_ex.o ABSOLUTE
    ..\Drivers\STM32L4xx_HAL_Driver\Src\stm32l4xx_hal_exti.c 0x00000000   Number         0  stm32l4xx_hal_exti.o ABSOLUTE
    ..\Drivers\STM32L4xx_HAL_Driver\Src\stm32l4xx_hal_flash.c 0x00000000   Number         0  stm32l4xx_hal_flash.o ABSOLUTE
    ..\Drivers\STM32L4xx_HAL_Driver\Src\stm32l4xx_hal_flash_ex.c 0x00000000   Number         0  stm32l4xx_hal_flash_ex.o ABSOLUTE
    ..\Drivers\STM32L4xx_HAL_Driver\Src\stm32l4xx_hal_flash_ramfunc.c 0x00000000   Number         0  stm32l4xx_hal_flash_ramfunc.o ABSOLUTE
    ..\Drivers\STM32L4xx_HAL_Driver\Src\stm32l4xx_hal_gpio.c 0x00000000   Number         0  stm32l4xx_hal_gpio.o ABSOLUTE
    ..\Drivers\STM32L4xx_HAL_Driver\Src\stm32l4xx_hal_i2c.c 0x00000000   Number         0  stm32l4xx_hal_i2c.o ABSOLUTE
    ..\Drivers\STM32L4xx_HAL_Driver\Src\stm32l4xx_hal_i2c_ex.c 0x00000000   Number         0  stm32l4xx_hal_i2c_ex.o ABSOLUTE
    ..\Drivers\STM32L4xx_HAL_Driver\Src\stm32l4xx_hal_lcd.c 0x00000000   Number         0  stm32l4xx_hal_lcd.o ABSOLUTE
    ..\Drivers\STM32L4xx_HAL_Driver\Src\stm32l4xx_hal_pwr.c 0x00000000   Number         0  stm32l4xx_hal_pwr.o ABSOLUTE
    ..\Drivers\STM32L4xx_HAL_Driver\Src\stm32l4xx_hal_pwr_ex.c 0x00000000   Number         0  stm32l4xx_hal_pwr_ex.o ABSOLUTE
    ..\Drivers\STM32L4xx_HAL_Driver\Src\stm32l4xx_hal_rcc.c 0x00000000   Number         0  stm32l4xx_hal_rcc.o ABSOLUTE
    ..\Drivers\STM32L4xx_HAL_Driver\Src\stm32l4xx_hal_rcc_ex.c 0x00000000   Number         0  stm32l4xx_hal_rcc_ex.o ABSOLUTE
    ..\Drivers\STM32L4xx_HAL_Driver\Src\stm32l4xx_hal_rtc.c 0x00000000   Number         0  stm32l4xx_hal_rtc.o ABSOLUTE
    ..\Drivers\STM32L4xx_HAL_Driver\Src\stm32l4xx_hal_rtc_ex.c 0x00000000   Number         0  stm32l4xx_hal_rtc_ex.o ABSOLUTE
    ..\Drivers\STM32L4xx_HAL_Driver\Src\stm32l4xx_hal_tim.c 0x00000000   Number         0  stm32l4xx_hal_tim.o ABSOLUTE
    ..\Drivers\STM32L4xx_HAL_Driver\Src\stm32l4xx_hal_tim_ex.c 0x00000000   Number         0  stm32l4xx_hal_tim_ex.o ABSOLUTE
    ..\\Core\\Src\\i2c_at24c64.c             0x00000000   Number         0  i2c_at24c64.o ABSOLUTE
    ..\\Core\\Src\\stm32l476g_discovery.c    0x00000000   Number         0  stm32l476g_discovery.o ABSOLUTE
    ..\\Core\\Src\\stm32l476g_discovery_glass_lcd.c 0x00000000   Number         0  stm32l476g_discovery_glass_lcd.o ABSOLUTE
    ..\\Drivers\\STM32L4xx_HAL_Driver\\Src\\stm32l4xx_hal_lcd.c 0x00000000   Number         0  stm32l4xx_hal_lcd.o ABSOLUTE
    cdrcmple.s                               0x00000000   Number         0  cdrcmple.o ABSOLUTE
    dc.s                                     0x00000000   Number         0  dc.o ABSOLUTE
    handlers.s                               0x00000000   Number         0  handlers.o ABSOLUTE
    init.s                                   0x00000000   Number         0  init.o ABSOLUTE
    startup_stm32l476xx.s                    0x00000000   Number         0  startup_stm32l476xx.o ABSOLUTE
    RESET                                    0x08000000   Section      392  startup_stm32l476xx.o(RESET)
    .ARM.Collect$$$$00000000                 0x08000188   Section        0  entry.o(.ARM.Collect$$$$00000000)
    .ARM.Collect$$$$00000001                 0x08000188   Section        4  entry2.o(.ARM.Collect$$$$00000001)
    .ARM.Collect$$$$00000004                 0x0800018c   Section        4  entry5.o(.ARM.Collect$$$$00000004)
    .ARM.Collect$$$$00000008                 0x08000190   Section        0  entry7b.o(.ARM.Collect$$$$00000008)
    .ARM.Collect$$$$0000000A                 0x08000190   Section        0  entry8b.o(.ARM.Collect$$$$0000000A)
    .ARM.Collect$$$$0000000B                 0x08000190   Section        8  entry9a.o(.ARM.Collect$$$$0000000B)
    .ARM.Collect$$$$0000000D                 0x08000198   Section        0  entry10a.o(.ARM.Collect$$$$0000000D)
    .ARM.Collect$$$$0000000F                 0x08000198   Section        0  entry11a.o(.ARM.Collect$$$$0000000F)
    .ARM.Collect$$$$00002712                 0x08000198   Section        4  entry2.o(.ARM.Collect$$$$00002712)
    __lit__00000000                          0x08000198   Data           4  entry2.o(.ARM.Collect$$$$00002712)
    .text                                    0x0800019c   Section       36  startup_stm32l476xx.o(.text)
    $v0                                      0x0800019c   Number         0  startup_stm32l476xx.o(.text)
    .text                                    0x080001c0   Section        0  memseta.o(.text)
    .text                                    0x080001e4   Section        0  uidiv.o(.text)
    .text                                    0x08000210   Section       36  init.o(.text)
    i.BSP_JOY_GetState                       0x08000234   Section        0  stm32l476g_discovery.o(i.BSP_JOY_GetState)
    i.BSP_JOY_Init                           0x08000264   Section        0  stm32l476g_discovery.o(i.BSP_JOY_Init)
    i.BSP_LCD_GLASS_Clear                    0x0800031c   Section        0  stm32l476g_discovery_glass_lcd.o(i.BSP_LCD_GLASS_Clear)
    i.BSP_LCD_GLASS_DisplayChar              0x08000328   Section        0  stm32l476g_discovery_glass_lcd.o(i.BSP_LCD_GLASS_DisplayChar)
    i.BSP_LCD_GLASS_DisplayString            0x0800033c   Section        0  stm32l476g_discovery_glass_lcd.o(i.BSP_LCD_GLASS_DisplayString)
    i.BSP_LCD_GLASS_Init                     0x0800036c   Section        0  stm32l476g_discovery_glass_lcd.o(i.BSP_LCD_GLASS_Init)
    i.BSP_LCD_GLASS_ScrollSentence           0x080003b8   Section        0  stm32l476g_discovery_glass_lcd.o(i.BSP_LCD_GLASS_ScrollSentence)
    i.BSP_LED_Init                           0x08000498   Section        0  stm32l476g_discovery.o(i.BSP_LED_Init)
    i.BSP_LED_Toggle                         0x08000508   Section        0  stm32l476g_discovery.o(i.BSP_LED_Toggle)
    i.BusFault_Handler                       0x08000520   Section        0  stm32l4xx_it.o(i.BusFault_Handler)
    i.Convert                                0x08000524   Section        0  stm32l476g_discovery_glass_lcd.o(i.Convert)
    Convert                                  0x08000525   Thumb Code   254  stm32l476g_discovery_glass_lcd.o(i.Convert)
    i.DebugMon_Handler                       0x0800062c   Section        0  stm32l4xx_it.o(i.DebugMon_Handler)
    i.EXTI0_IRQHandler                       0x0800062e   Section        0  stm32l4xx_it.o(i.EXTI0_IRQHandler)
    i.EXTI1_IRQHandler                       0x08000634   Section        0  stm32l4xx_it.o(i.EXTI1_IRQHandler)
    i.EXTI2_IRQHandler                       0x0800063a   Section        0  stm32l4xx_it.o(i.EXTI2_IRQHandler)
    i.EXTI3_IRQHandler                       0x08000640   Section        0  stm32l4xx_it.o(i.EXTI3_IRQHandler)
    i.EXTI9_5_IRQHandler                     0x08000646   Section        0  stm32l4xx_it.o(i.EXTI9_5_IRQHandler)
    i.HAL_DMA_Abort_IT                       0x0800064c   Section        0  stm32l4xx_hal_dma.o(i.HAL_DMA_Abort_IT)
    i.HAL_DMA_GetState                       0x0800069a   Section        0  stm32l4xx_hal_dma.o(i.HAL_DMA_GetState)
    i.HAL_Delay                              0x080006a0   Section        0  stm32l4xx_hal.o(i.HAL_Delay)
    i.HAL_GPIO_DeInit                        0x080006c4   Section        0  stm32l4xx_hal_gpio.o(i.HAL_GPIO_DeInit)
    i.HAL_GPIO_EXTI_Callback                 0x0800082c   Section        0  main.o(i.HAL_GPIO_EXTI_Callback)
    i.HAL_GPIO_EXTI_IRQHandler               0x0800088c   Section        0  stm32l4xx_hal_gpio.o(i.HAL_GPIO_EXTI_IRQHandler)
    i.HAL_GPIO_Init                          0x080008a4   Section        0  stm32l4xx_hal_gpio.o(i.HAL_GPIO_Init)
    i.HAL_GPIO_ReadPin                       0x08000b0a   Section        0  stm32l4xx_hal_gpio.o(i.HAL_GPIO_ReadPin)
    i.HAL_GPIO_TogglePin                     0x08000b14   Section        0  stm32l4xx_hal_gpio.o(i.HAL_GPIO_TogglePin)
    i.HAL_GPIO_WritePin                      0x08000b24   Section        0  stm32l4xx_hal_gpio.o(i.HAL_GPIO_WritePin)
    i.HAL_GetTick                            0x08000b30   Section        0  stm32l4xx_hal.o(i.HAL_GetTick)
    i.HAL_I2CEx_ConfigAnalogFilter           0x08000b3c   Section        0  stm32l4xx_hal_i2c_ex.o(i.HAL_I2CEx_ConfigAnalogFilter)
    i.HAL_I2CEx_ConfigDigitalFilter          0x08000b92   Section        0  stm32l4xx_hal_i2c_ex.o(i.HAL_I2CEx_ConfigDigitalFilter)
    i.HAL_I2C_AbortCpltCallback              0x08000be4   Section        0  stm32l4xx_hal_i2c.o(i.HAL_I2C_AbortCpltCallback)
    i.HAL_I2C_AddrCallback                   0x08000be6   Section        0  stm32l4xx_hal_i2c.o(i.HAL_I2C_AddrCallback)
    i.HAL_I2C_DeInit                         0x08000be8   Section        0  stm32l4xx_hal_i2c.o(i.HAL_I2C_DeInit)
    i.HAL_I2C_ER_IRQHandler                  0x08000c1a   Section        0  stm32l4xx_hal_i2c.o(i.HAL_I2C_ER_IRQHandler)
    i.HAL_I2C_EV_IRQHandler                  0x08000c82   Section        0  stm32l4xx_hal_i2c.o(i.HAL_I2C_EV_IRQHandler)
    i.HAL_I2C_ErrorCallback                  0x08000c92   Section        0  stm32l4xx_hal_i2c.o(i.HAL_I2C_ErrorCallback)
    i.HAL_I2C_GetState                       0x08000c94   Section        0  stm32l4xx_hal_i2c.o(i.HAL_I2C_GetState)
    i.HAL_I2C_Init                           0x08000c9c   Section        0  stm32l4xx_hal_i2c.o(i.HAL_I2C_Init)
    i.HAL_I2C_ListenCpltCallback             0x08000d54   Section        0  stm32l4xx_hal_i2c.o(i.HAL_I2C_ListenCpltCallback)
    i.HAL_I2C_Mem_Read                       0x08000d58   Section        0  stm32l4xx_hal_i2c.o(i.HAL_I2C_Mem_Read)
    i.HAL_I2C_Mem_Write                      0x08000ec4   Section        0  stm32l4xx_hal_i2c.o(i.HAL_I2C_Mem_Write)
    i.HAL_I2C_MspDeInit                      0x08001024   Section        0  stm32l4xx_hal_msp.o(i.HAL_I2C_MspDeInit)
    i.HAL_I2C_MspInit                        0x08001068   Section        0  stm32l4xx_hal_msp.o(i.HAL_I2C_MspInit)
    i.HAL_I2C_SlaveRxCpltCallback            0x080010ec   Section        0  stm32l4xx_hal_i2c.o(i.HAL_I2C_SlaveRxCpltCallback)
    i.HAL_I2C_SlaveTxCpltCallback            0x080010ee   Section        0  stm32l4xx_hal_i2c.o(i.HAL_I2C_SlaveTxCpltCallback)
    i.HAL_IncTick                            0x080010f0   Section        0  stm32l4xx_hal.o(i.HAL_IncTick)
    i.HAL_Init                               0x08001100   Section        0  stm32l4xx_hal.o(i.HAL_Init)
    i.HAL_InitTick                           0x0800112c   Section        0  stm32l4xx_hal.o(i.HAL_InitTick)
    i.HAL_LCD_Clear                          0x08001170   Section        0  stm32l4xx_hal_lcd.o(i.HAL_LCD_Clear)
    i.HAL_LCD_Init                           0x080011ec   Section        0  stm32l4xx_hal_lcd.o(i.HAL_LCD_Init)
    i.HAL_LCD_MspInit                        0x080012ec   Section        0  stm32l4xx_hal_lcd.o(i.HAL_LCD_MspInit)
    i.HAL_LCD_UpdateDisplayRequest           0x080012ee   Section        0  stm32l4xx_hal_lcd.o(i.HAL_LCD_UpdateDisplayRequest)
    i.HAL_LCD_Write                          0x08001344   Section        0  stm32l4xx_hal_lcd.o(i.HAL_LCD_Write)
    i.HAL_MspInit                            0x080013c8   Section        0  stm32l4xx_hal_msp.o(i.HAL_MspInit)
    i.HAL_NVIC_DisableIRQ                    0x080013f4   Section        0  stm32l4xx_hal_cortex.o(i.HAL_NVIC_DisableIRQ)
    i.HAL_NVIC_EnableIRQ                     0x08001416   Section        0  stm32l4xx_hal_cortex.o(i.HAL_NVIC_EnableIRQ)
    i.HAL_NVIC_SetPriority                   0x08001430   Section        0  stm32l4xx_hal_cortex.o(i.HAL_NVIC_SetPriority)
    i.HAL_NVIC_SetPriorityGrouping           0x08001470   Section        0  stm32l4xx_hal_cortex.o(i.HAL_NVIC_SetPriorityGrouping)
    i.HAL_PWREx_ControlVoltageScaling        0x08001494   Section        0  stm32l4xx_hal_pwr_ex.o(i.HAL_PWREx_ControlVoltageScaling)
    i.HAL_PWREx_EnableVddIO2                 0x080014fc   Section        0  stm32l4xx_hal_pwr_ex.o(i.HAL_PWREx_EnableVddIO2)
    i.HAL_PWREx_GetVoltageRange              0x0800150c   Section        0  stm32l4xx_hal_pwr_ex.o(i.HAL_PWREx_GetVoltageRange)
    i.HAL_RCCEx_PeriphCLKConfig              0x0800151c   Section        0  stm32l4xx_hal_rcc_ex.o(i.HAL_RCCEx_PeriphCLKConfig)
    i.HAL_RCC_ClockConfig                    0x080018cc   Section        0  stm32l4xx_hal_rcc.o(i.HAL_RCC_ClockConfig)
    i.HAL_RCC_GetSysClockFreq                0x080019ec   Section        0  stm32l4xx_hal_rcc.o(i.HAL_RCC_GetSysClockFreq)
    i.HAL_RCC_OscConfig                      0x08001a90   Section        0  stm32l4xx_hal_rcc.o(i.HAL_RCC_OscConfig)
    i.HAL_RTCEx_AlarmBEventCallback          0x08001fb8   Section        0  stm32l4xx_hal_rtc_ex.o(i.HAL_RTCEx_AlarmBEventCallback)
    i.HAL_RTC_AlarmAEventCallback            0x08001fbc   Section        0  main.o(i.HAL_RTC_AlarmAEventCallback)
    i.HAL_RTC_AlarmIRQHandler                0x08001fe8   Section        0  stm32l4xx_hal_rtc.o(i.HAL_RTC_AlarmIRQHandler)
    i.HAL_RTC_GetDate                        0x08002040   Section        0  stm32l4xx_hal_rtc.o(i.HAL_RTC_GetDate)
    i.HAL_RTC_GetTime                        0x08002084   Section        0  stm32l4xx_hal_rtc.o(i.HAL_RTC_GetTime)
    i.HAL_RTC_Init                           0x080020d8   Section        0  stm32l4xx_hal_rtc.o(i.HAL_RTC_Init)
    i.HAL_RTC_MspInit                        0x08002174   Section        0  stm32l4xx_hal_msp.o(i.HAL_RTC_MspInit)
    i.HAL_RTC_SetAlarm_IT                    0x080021a8   Section        0  stm32l4xx_hal_rtc.o(i.HAL_RTC_SetAlarm_IT)
    i.HAL_RTC_SetDate                        0x08002340   Section        0  stm32l4xx_hal_rtc.o(i.HAL_RTC_SetDate)
    i.HAL_RTC_SetTime                        0x080023e0   Section        0  stm32l4xx_hal_rtc.o(i.HAL_RTC_SetTime)
    i.HAL_RTC_WaitForSynchro                 0x080024ac   Section        0  stm32l4xx_hal_rtc.o(i.HAL_RTC_WaitForSynchro)
    i.HAL_SYSTICK_Config                     0x080024e2   Section        0  stm32l4xx_hal_cortex.o(i.HAL_SYSTICK_Config)
    i.HardFault_Handler                      0x0800250a   Section        0  stm32l4xx_it.o(i.HardFault_Handler)
    i.I2C1_ER_IRQHandler                     0x0800250c   Section        0  stm32l4xx_it.o(i.I2C1_ER_IRQHandler)
    i.I2C1_EV_IRQHandler                     0x08002518   Section        0  stm32l4xx_it.o(i.I2C1_EV_IRQHandler)
    i.I2C_ByteRead                           0x08002524   Section        0  i2c_at24c64.o(i.I2C_ByteRead)
    i.I2C_ByteWrite                          0x08002554   Section        0  i2c_at24c64.o(i.I2C_ByteWrite)
    i.I2C_DMAAbort                           0x080025a4   Section        0  stm32l4xx_hal_i2c.o(i.I2C_DMAAbort)
    I2C_DMAAbort                             0x080025a5   Thumb Code    20  stm32l4xx_hal_i2c.o(i.I2C_DMAAbort)
    i.I2C_Disable_IRQ                        0x080025b8   Section        0  stm32l4xx_hal_i2c.o(i.I2C_Disable_IRQ)
    I2C_Disable_IRQ                          0x080025b9   Thumb Code    94  stm32l4xx_hal_i2c.o(i.I2C_Disable_IRQ)
    i.I2C_Error                              0x08002616   Section        0  i2c_at24c64.o(i.I2C_Error)
    i.I2C_Flush_TXDR                         0x08002628   Section        0  stm32l4xx_hal_i2c.o(i.I2C_Flush_TXDR)
    I2C_Flush_TXDR                           0x08002629   Thumb Code    34  stm32l4xx_hal_i2c.o(i.I2C_Flush_TXDR)
    i.I2C_ITAddrCplt                         0x0800264a   Section        0  stm32l4xx_hal_i2c.o(i.I2C_ITAddrCplt)
    I2C_ITAddrCplt                           0x0800264b   Thumb Code   140  stm32l4xx_hal_i2c.o(i.I2C_ITAddrCplt)
    i.I2C_ITError                            0x080026d8   Section        0  stm32l4xx_hal_i2c.o(i.I2C_ITError)
    I2C_ITError                              0x080026d9   Thumb Code   232  stm32l4xx_hal_i2c.o(i.I2C_ITError)
    i.I2C_ITListenCplt                       0x080027cc   Section        0  stm32l4xx_hal_i2c.o(i.I2C_ITListenCplt)
    I2C_ITListenCplt                         0x080027cd   Thumb Code    94  stm32l4xx_hal_i2c.o(i.I2C_ITListenCplt)
    i.I2C_ITSlaveCplt                        0x08002830   Section        0  stm32l4xx_hal_i2c.o(i.I2C_ITSlaveCplt)
    I2C_ITSlaveCplt                          0x08002831   Thumb Code   294  stm32l4xx_hal_i2c.o(i.I2C_ITSlaveCplt)
    i.I2C_ITSlaveSeqCplt                     0x08002960   Section        0  stm32l4xx_hal_i2c.o(i.I2C_ITSlaveSeqCplt)
    I2C_ITSlaveSeqCplt                       0x08002961   Thumb Code   114  stm32l4xx_hal_i2c.o(i.I2C_ITSlaveSeqCplt)
    i.I2C_Init                               0x080029d4   Section        0  i2c_at24c64.o(i.I2C_Init)
    i.I2C_IsAcknowledgeFailed                0x08002a18   Section        0  stm32l4xx_hal_i2c.o(i.I2C_IsAcknowledgeFailed)
    I2C_IsAcknowledgeFailed                  0x08002a19   Thumb Code   128  stm32l4xx_hal_i2c.o(i.I2C_IsAcknowledgeFailed)
    i.I2C_MspInit                            0x08002a9c   Section        0  i2c_at24c64.o(i.I2C_MspInit)
    I2C_MspInit                              0x08002a9d   Thumb Code   164  i2c_at24c64.o(i.I2C_MspInit)
    i.I2C_RequestMemoryRead                  0x08002b48   Section        0  stm32l4xx_hal_i2c.o(i.I2C_RequestMemoryRead)
    I2C_RequestMemoryRead                    0x08002b49   Thumb Code    94  stm32l4xx_hal_i2c.o(i.I2C_RequestMemoryRead)
    i.I2C_RequestMemoryWrite                 0x08002bac   Section        0  stm32l4xx_hal_i2c.o(i.I2C_RequestMemoryWrite)
    I2C_RequestMemoryWrite                   0x08002bad   Thumb Code    94  stm32l4xx_hal_i2c.o(i.I2C_RequestMemoryWrite)
    i.I2C_Slave_ISR_IT                       0x08002c10   Section        0  stm32l4xx_hal_i2c.o(i.I2C_Slave_ISR_IT)
    I2C_Slave_ISR_IT                         0x08002c11   Thumb Code   284  stm32l4xx_hal_i2c.o(i.I2C_Slave_ISR_IT)
    i.I2C_TransferConfig                     0x08002d30   Section        0  stm32l4xx_hal_i2c.o(i.I2C_TransferConfig)
    I2C_TransferConfig                       0x08002d31   Thumb Code    40  stm32l4xx_hal_i2c.o(i.I2C_TransferConfig)
    i.I2C_TreatErrorCallback                 0x08002d5c   Section        0  stm32l4xx_hal_i2c.o(i.I2C_TreatErrorCallback)
    I2C_TreatErrorCallback                   0x08002d5d   Thumb Code    42  stm32l4xx_hal_i2c.o(i.I2C_TreatErrorCallback)
    i.I2C_WaitOnFlagUntilTimeout             0x08002d86   Section        0  stm32l4xx_hal_i2c.o(i.I2C_WaitOnFlagUntilTimeout)
    I2C_WaitOnFlagUntilTimeout               0x08002d87   Thumb Code    88  stm32l4xx_hal_i2c.o(i.I2C_WaitOnFlagUntilTimeout)
    i.I2C_WaitOnSTOPFlagUntilTimeout         0x08002dde   Section        0  stm32l4xx_hal_i2c.o(i.I2C_WaitOnSTOPFlagUntilTimeout)
    I2C_WaitOnSTOPFlagUntilTimeout           0x08002ddf   Thumb Code    76  stm32l4xx_hal_i2c.o(i.I2C_WaitOnSTOPFlagUntilTimeout)
    i.I2C_WaitOnTXISFlagUntilTimeout         0x08002e2a   Section        0  stm32l4xx_hal_i2c.o(i.I2C_WaitOnTXISFlagUntilTimeout)
    I2C_WaitOnTXISFlagUntilTimeout           0x08002e2b   Thumb Code    80  stm32l4xx_hal_i2c.o(i.I2C_WaitOnTXISFlagUntilTimeout)
    i.LCD_MspInit                            0x08002e7c   Section        0  stm32l476g_discovery_glass_lcd.o(i.LCD_MspInit)
    LCD_MspInit                              0x08002e7d   Thumb Code   246  stm32l476g_discovery_glass_lcd.o(i.LCD_MspInit)
    i.LCD_WaitForSynchro                     0x08002f84   Section        0  stm32l4xx_hal_lcd.o(i.LCD_WaitForSynchro)
    i.MX_GPIO_Init                           0x08002fb4   Section        0  main.o(i.MX_GPIO_Init)
    MX_GPIO_Init                             0x08002fb5   Thumb Code   172  main.o(i.MX_GPIO_Init)
    i.MX_I2C1_Init                           0x08003068   Section        0  main.o(i.MX_I2C1_Init)
    MX_I2C1_Init                             0x08003069   Thumb Code    56  main.o(i.MX_I2C1_Init)
    i.MX_RTC_Init                            0x080030a8   Section        0  main.o(i.MX_RTC_Init)
    MX_RTC_Init                              0x080030a9   Thumb Code   166  main.o(i.MX_RTC_Init)
    i.MemManage_Handler                      0x08003158   Section        0  stm32l4xx_it.o(i.MemManage_Handler)
    i.NMI_Handler                            0x0800315a   Section        0  stm32l4xx_it.o(i.NMI_Handler)
    i.PendSV_Handler                         0x0800315c   Section        0  stm32l4xx_it.o(i.PendSV_Handler)
    i.RCCEx_PLLSAI1_Config                   0x08003160   Section        0  stm32l4xx_hal_rcc_ex.o(i.RCCEx_PLLSAI1_Config)
    RCCEx_PLLSAI1_Config                     0x08003161   Thumb Code   278  stm32l4xx_hal_rcc_ex.o(i.RCCEx_PLLSAI1_Config)
    i.RCCEx_PLLSAI2_Config                   0x0800328c   Section        0  stm32l4xx_hal_rcc_ex.o(i.RCCEx_PLLSAI2_Config)
    RCCEx_PLLSAI2_Config                     0x0800328d   Thumb Code   250  stm32l4xx_hal_rcc_ex.o(i.RCCEx_PLLSAI2_Config)
    i.RCC_SetFlashLatencyFromMSIRange        0x08003394   Section        0  stm32l4xx_hal_rcc.o(i.RCC_SetFlashLatencyFromMSIRange)
    RCC_SetFlashLatencyFromMSIRange          0x08003395   Thumb Code   116  stm32l4xx_hal_rcc.o(i.RCC_SetFlashLatencyFromMSIRange)
    i.RTC_Alarm_IRQHandler                   0x08003410   Section        0  stm32l4xx_it.o(i.RTC_Alarm_IRQHandler)
    i.RTC_Bcd2ToByte                         0x0800341c   Section        0  stm32l4xx_hal_rtc.o(i.RTC_Bcd2ToByte)
    i.RTC_ByteToBcd2                         0x0800342e   Section        0  stm32l4xx_hal_rtc.o(i.RTC_ByteToBcd2)
    i.RTC_EnterInitMode                      0x08003448   Section        0  stm32l4xx_hal_rtc.o(i.RTC_EnterInitMode)
    i.RTC_ExitInitMode                       0x08003490   Section        0  stm32l4xx_hal_rtc.o(i.RTC_ExitInitMode)
    i.ReadEEPROM                             0x080034e8   Section        0  main.o(i.ReadEEPROM)
    i.SVC_Handler                            0x0800356a   Section        0  stm32l4xx_it.o(i.SVC_Handler)
    i.SysTick_Handler                        0x0800356c   Section        0  stm32l4xx_it.o(i.SysTick_Handler)
    i.SystemClock_Config                     0x08003570   Section        0  main.o(i.SystemClock_Config)
    i.SystemInit                             0x080035d8   Section        0  system_stm32l4xx_1.o(i.SystemInit)
    i.UsageFault_Handler                     0x0800361c   Section        0  stm32l4xx_it.o(i.UsageFault_Handler)
    i.WriteChar                              0x08003620   Section        0  stm32l476g_discovery_glass_lcd.o(i.WriteChar)
    WriteChar                                0x08003621   Thumb Code  1114  stm32l476g_discovery_glass_lcd.o(i.WriteChar)
    i.WriteEEPROM                            0x08003a80   Section        0  main.o(i.WriteEEPROM)
    i.__0sprintf$6                           0x08003b20   Section        0  printf6.o(i.__0sprintf$6)
    i.__NVIC_SetPriority                     0x08003b48   Section        0  stm32l4xx_hal_cortex.o(i.__NVIC_SetPriority)
    __NVIC_SetPriority                       0x08003b49   Thumb Code    32  stm32l4xx_hal_cortex.o(i.__NVIC_SetPriority)
    i.__scatterload_copy                     0x08003b68   Section       14  handlers.o(i.__scatterload_copy)
    i.__scatterload_null                     0x08003b76   Section        2  handlers.o(i.__scatterload_null)
    i.__scatterload_zeroinit                 0x08003b78   Section       14  handlers.o(i.__scatterload_zeroinit)
    i._printf_core                           0x08003b88   Section        0  printf6.o(i._printf_core)
    _printf_core                             0x08003b89   Thumb Code   748  printf6.o(i._printf_core)
    i._printf_post_padding                   0x08003e7e   Section        0  printf6.o(i._printf_post_padding)
    _printf_post_padding                     0x08003e7f   Thumb Code    36  printf6.o(i._printf_post_padding)
    i._printf_pre_padding                    0x08003ea2   Section        0  printf6.o(i._printf_pre_padding)
    _printf_pre_padding                      0x08003ea3   Thumb Code    46  printf6.o(i._printf_pre_padding)
    i._sputc                                 0x08003ed0   Section        0  printf6.o(i._sputc)
    _sputc                                   0x08003ed1   Thumb Code    10  printf6.o(i._sputc)
    i.displayCDate                           0x08003edc   Section        0  main.o(i.displayCDate)
    i.displayCTime                           0x08003f38   Section        0  main.o(i.displayCTime)
    i.displayEEPROM                          0x08003f80   Section        0  main.o(i.displayEEPROM)
    i.main                                   0x08003fe0   Section        0  main.o(i.main)
    .constdata                               0x08004244   Section       20  stm32l476g_discovery.o(.constdata)
    .constdata                               0x08004258   Section       72  stm32l476g_discovery_glass_lcd.o(.constdata)
    .constdata                               0x080042a0   Section       64  system_stm32l4xx_1.o(.constdata)
    .data                                    0x20000000   Section       16  main.o(.data)
    .data                                    0x20000010   Section        1  i2c_at24c64.o(.data)
    .data                                    0x20000014   Section       36  stm32l476g_discovery.o(.data)
    .data                                    0x20000038   Section        2  stm32l476g_discovery_glass_lcd.o(.data)
    .data                                    0x2000003c   Section       12  stm32l4xx_hal.o(.data)
    .data                                    0x20000048   Section        4  system_stm32l4xx_1.o(.data)
    .bss                                     0x2000004c   Section      196  main.o(.bss)
    .bss                                     0x20000110   Section       76  stm32l476g_discovery_glass_lcd.o(.bss)
    STACK                                    0x20000160   Section     1024  startup_stm32l476xx.o(STACK)

    Global Symbols

    Symbol Name                              Value     Ov Type        Size  Object(Section)

    BuildAttributes$$THM_ISAv4$E$P$D$K$B$S$7EM$VFPi3$EXTD16$VFPS$VFMA$PE$A:L22UL41UL21$X:L11$S22US41US21$IEEE1$IW$USESV6$~STKCKD$USESV7$~SHL$OSPACE$ROPI$EBA8$MICROLIB$REQ8$PRES8$EABIv2 0x00000000   Number         0  anon$$obj.o ABSOLUTE
    __ARM_use_no_argv                        0x00000000   Number         0  main.o ABSOLUTE
    _printf_a                                0x00000000   Number         0  stubs.o ABSOLUTE
    _printf_c                                0x00000000   Number         0  stubs.o ABSOLUTE
    _printf_charcount                        0x00000000   Number         0  stubs.o ABSOLUTE
    _printf_d                                0x00000000   Number         0  stubs.o ABSOLUTE
    _printf_e                                0x00000000   Number         0  stubs.o ABSOLUTE
    _printf_f                                0x00000000   Number         0  stubs.o ABSOLUTE
    _printf_flags                            0x00000000   Number         0  stubs.o ABSOLUTE
    _printf_fp_dec                           0x00000000   Number         0  stubs.o ABSOLUTE
    _printf_fp_hex                           0x00000000   Number         0  stubs.o ABSOLUTE
    _printf_g                                0x00000000   Number         0  stubs.o ABSOLUTE
    _printf_i                                0x00000000   Number         0  stubs.o ABSOLUTE
    _printf_int_dec                          0x00000000   Number         0  stubs.o ABSOLUTE
    _printf_l                                0x00000000   Number         0  stubs.o ABSOLUTE
    _printf_lc                               0x00000000   Number         0  stubs.o ABSOLUTE
    _printf_ll                               0x00000000   Number         0  stubs.o ABSOLUTE
    _printf_lld                              0x00000000   Number         0  stubs.o ABSOLUTE
    _printf_lli                              0x00000000   Number         0  stubs.o ABSOLUTE
    _printf_llo                              0x00000000   Number         0  stubs.o ABSOLUTE
    _printf_llu                              0x00000000   Number         0  stubs.o ABSOLUTE
    _printf_llx                              0x00000000   Number         0  stubs.o ABSOLUTE
    _printf_longlong_dec                     0x00000000   Number         0  stubs.o ABSOLUTE
    _printf_longlong_hex                     0x00000000   Number         0  stubs.o ABSOLUTE
    _printf_longlong_oct                     0x00000000   Number         0  stubs.o ABSOLUTE
    _printf_ls                               0x00000000   Number         0  stubs.o ABSOLUTE
    _printf_mbtowc                           0x00000000   Number         0  stubs.o ABSOLUTE
    _printf_n                                0x00000000   Number         0  stubs.o ABSOLUTE
    _printf_o                                0x00000000   Number         0  stubs.o ABSOLUTE
    _printf_p                                0x00000000   Number         0  stubs.o ABSOLUTE
    _printf_percent                          0x00000000   Number         0  stubs.o ABSOLUTE
    _printf_pre_padding                      0x00000000   Number         0  stubs.o ABSOLUTE
    _printf_return_value                     0x00000000   Number         0  stubs.o ABSOLUTE
    _printf_s                                0x00000000   Number         0  stubs.o ABSOLUTE
    _printf_sizespec                         0x00000000   Number         0  stubs.o ABSOLUTE
    _printf_str                              0x00000000   Number         0  stubs.o ABSOLUTE
    _printf_truncate_signed                  0x00000000   Number         0  stubs.o ABSOLUTE
    _printf_truncate_unsigned                0x00000000   Number         0  stubs.o ABSOLUTE
    _printf_u                                0x00000000   Number         0  stubs.o ABSOLUTE
    _printf_wc                               0x00000000   Number         0  stubs.o ABSOLUTE
    _printf_wctomb                           0x00000000   Number         0  stubs.o ABSOLUTE
    _printf_widthprec                        0x00000000   Number         0  stubs.o ABSOLUTE
    _printf_x                                0x00000000   Number         0  stubs.o ABSOLUTE
    __cpp_initialize__aeabi_                  - Undefined Weak Reference
    __cxa_finalize                            - Undefined Weak Reference
    __decompress                              - Undefined Weak Reference
    _clock_init                               - Undefined Weak Reference
    _microlib_exit                            - Undefined Weak Reference
    __Vectors_Size                           0x00000188   Number         0  startup_stm32l476xx.o ABSOLUTE
    __Vectors                                0x08000000   Data           4  startup_stm32l476xx.o(RESET)
    __Vectors_End                            0x08000188   Data           0  startup_stm32l476xx.o(RESET)
    __main                                   0x08000189   Thumb Code     0  entry.o(.ARM.Collect$$$$00000000)
    _main_stk                                0x08000189   Thumb Code     0  entry2.o(.ARM.Collect$$$$00000001)
    _main_scatterload                        0x0800018d   Thumb Code     0  entry5.o(.ARM.Collect$$$$00000004)
    __main_after_scatterload                 0x08000191   Thumb Code     0  entry5.o(.ARM.Collect$$$$00000004)
    _main_clock                              0x08000191   Thumb Code     0  entry7b.o(.ARM.Collect$$$$00000008)
    _main_cpp_init                           0x08000191   Thumb Code     0  entry8b.o(.ARM.Collect$$$$0000000A)
    _main_init                               0x08000191   Thumb Code     0  entry9a.o(.ARM.Collect$$$$0000000B)
    __rt_final_cpp                           0x08000199   Thumb Code     0  entry10a.o(.ARM.Collect$$$$0000000D)
    __rt_final_exit                          0x08000199   Thumb Code     0  entry11a.o(.ARM.Collect$$$$0000000F)
    Reset_Handler                            0x0800019d   Thumb Code     8  startup_stm32l476xx.o(.text)
    ADC1_2_IRQHandler                        0x080001b7   Thumb Code     0  startup_stm32l476xx.o(.text)
    ADC3_IRQHandler                          0x080001b7   Thumb Code     0  startup_stm32l476xx.o(.text)
    CAN1_RX0_IRQHandler                      0x080001b7   Thumb Code     0  startup_stm32l476xx.o(.text)
    CAN1_RX1_IRQHandler                      0x080001b7   Thumb Code     0  startup_stm32l476xx.o(.text)
    CAN1_SCE_IRQHandler                      0x080001b7   Thumb Code     0  startup_stm32l476xx.o(.text)
    CAN1_TX_IRQHandler                       0x080001b7   Thumb Code     0  startup_stm32l476xx.o(.text)
    COMP_IRQHandler                          0x080001b7   Thumb Code     0  startup_stm32l476xx.o(.text)
    DFSDM1_FLT0_IRQHandler                   0x080001b7   Thumb Code     0  startup_stm32l476xx.o(.text)
    DFSDM1_FLT1_IRQHandler                   0x080001b7   Thumb Code     0  startup_stm32l476xx.o(.text)
    DFSDM1_FLT2_IRQHandler                   0x080001b7   Thumb Code     0  startup_stm32l476xx.o(.text)
    DFSDM1_FLT3_IRQHandler                   0x080001b7   Thumb Code     0  startup_stm32l476xx.o(.text)
    DMA1_Channel1_IRQHandler                 0x080001b7   Thumb Code     0  startup_stm32l476xx.o(.text)
    DMA1_Channel2_IRQHandler                 0x080001b7   Thumb Code     0  startup_stm32l476xx.o(.text)
    DMA1_Channel3_IRQHandler                 0x080001b7   Thumb Code     0  startup_stm32l476xx.o(.text)
    DMA1_Channel4_IRQHandler                 0x080001b7   Thumb Code     0  startup_stm32l476xx.o(.text)
    DMA1_Channel5_IRQHandler                 0x080001b7   Thumb Code     0  startup_stm32l476xx.o(.text)
    DMA1_Channel6_IRQHandler                 0x080001b7   Thumb Code     0  startup_stm32l476xx.o(.text)
    DMA1_Channel7_IRQHandler                 0x080001b7   Thumb Code     0  startup_stm32l476xx.o(.text)
    DMA2_Channel1_IRQHandler                 0x080001b7   Thumb Code     0  startup_stm32l476xx.o(.text)
    DMA2_Channel2_IRQHandler                 0x080001b7   Thumb Code     0  startup_stm32l476xx.o(.text)
    DMA2_Channel3_IRQHandler                 0x080001b7   Thumb Code     0  startup_stm32l476xx.o(.text)
    DMA2_Channel4_IRQHandler                 0x080001b7   Thumb Code     0  startup_stm32l476xx.o(.text)
    DMA2_Channel5_IRQHandler                 0x080001b7   Thumb Code     0  startup_stm32l476xx.o(.text)
    DMA2_Channel6_IRQHandler                 0x080001b7   Thumb Code     0  startup_stm32l476xx.o(.text)
    DMA2_Channel7_IRQHandler                 0x080001b7   Thumb Code     0  startup_stm32l476xx.o(.text)
    EXTI15_10_IRQHandler                     0x080001b7   Thumb Code     0  startup_stm32l476xx.o(.text)
    EXTI4_IRQHandler                         0x080001b7   Thumb Code     0  startup_stm32l476xx.o(.text)
    FLASH_IRQHandler                         0x080001b7   Thumb Code     0  startup_stm32l476xx.o(.text)
    FMC_IRQHandler                           0x080001b7   Thumb Code     0  startup_stm32l476xx.o(.text)
    FPU_IRQHandler                           0x080001b7   Thumb Code     0  startup_stm32l476xx.o(.text)
    I2C2_ER_IRQHandler                       0x080001b7   Thumb Code     0  startup_stm32l476xx.o(.text)
    I2C2_EV_IRQHandler                       0x080001b7   Thumb Code     0  startup_stm32l476xx.o(.text)
    I2C3_ER_IRQHandler                       0x080001b7   Thumb Code     0  startup_stm32l476xx.o(.text)
    I2C3_EV_IRQHandler                       0x080001b7   Thumb Code     0  startup_stm32l476xx.o(.text)
    LCD_IRQHandler                           0x080001b7   Thumb Code     0  startup_stm32l476xx.o(.text)
    LPTIM1_IRQHandler                        0x080001b7   Thumb Code     0  startup_stm32l476xx.o(.text)
    LPTIM2_IRQHandler                        0x080001b7   Thumb Code     0  startup_stm32l476xx.o(.text)
    LPUART1_IRQHandler                       0x080001b7   Thumb Code     0  startup_stm32l476xx.o(.text)
    OTG_FS_IRQHandler                        0x080001b7   Thumb Code     0  startup_stm32l476xx.o(.text)
    PVD_PVM_IRQHandler                       0x080001b7   Thumb Code     0  startup_stm32l476xx.o(.text)
    QUADSPI_IRQHandler                       0x080001b7   Thumb Code     0  startup_stm32l476xx.o(.text)
    RCC_IRQHandler                           0x080001b7   Thumb Code     0  startup_stm32l476xx.o(.text)
    RNG_IRQHandler                           0x080001b7   Thumb Code     0  startup_stm32l476xx.o(.text)
    RTC_WKUP_IRQHandler                      0x080001b7   Thumb Code     0  startup_stm32l476xx.o(.text)
    SAI1_IRQHandler                          0x080001b7   Thumb Code     0  startup_stm32l476xx.o(.text)
    SAI2_IRQHandler                          0x080001b7   Thumb Code     0  startup_stm32l476xx.o(.text)
    SDMMC1_IRQHandler                        0x080001b7   Thumb Code     0  startup_stm32l476xx.o(.text)
    SPI1_IRQHandler                          0x080001b7   Thumb Code     0  startup_stm32l476xx.o(.text)
    SPI2_IRQHandler                          0x080001b7   Thumb Code     0  startup_stm32l476xx.o(.text)
    SPI3_IRQHandler                          0x080001b7   Thumb Code     0  startup_stm32l476xx.o(.text)
    SWPMI1_IRQHandler                        0x080001b7   Thumb Code     0  startup_stm32l476xx.o(.text)
    TAMP_STAMP_IRQHandler                    0x080001b7   Thumb Code     0  startup_stm32l476xx.o(.text)
    TIM1_BRK_TIM15_IRQHandler                0x080001b7   Thumb Code     0  startup_stm32l476xx.o(.text)
    TIM1_CC_IRQHandler                       0x080001b7   Thumb Code     0  startup_stm32l476xx.o(.text)
    TIM1_TRG_COM_TIM17_IRQHandler            0x080001b7   Thumb Code     0  startup_stm32l476xx.o(.text)
    TIM1_UP_TIM16_IRQHandler                 0x080001b7   Thumb Code     0  startup_stm32l476xx.o(.text)
    TIM2_IRQHandler                          0x080001b7   Thumb Code     0  startup_stm32l476xx.o(.text)
    TIM3_IRQHandler                          0x080001b7   Thumb Code     0  startup_stm32l476xx.o(.text)
    TIM4_IRQHandler                          0x080001b7   Thumb Code     0  startup_stm32l476xx.o(.text)
    TIM5_IRQHandler                          0x080001b7   Thumb Code     0  startup_stm32l476xx.o(.text)
    TIM6_DAC_IRQHandler                      0x080001b7   Thumb Code     0  startup_stm32l476xx.o(.text)
    TIM7_IRQHandler                          0x080001b7   Thumb Code     0  startup_stm32l476xx.o(.text)
    TIM8_BRK_IRQHandler                      0x080001b7   Thumb Code     0  startup_stm32l476xx.o(.text)
    TIM8_CC_IRQHandler                       0x080001b7   Thumb Code     0  startup_stm32l476xx.o(.text)
    TIM8_TRG_COM_IRQHandler                  0x080001b7   Thumb Code     0  startup_stm32l476xx.o(.text)
    TIM8_UP_IRQHandler                       0x080001b7   Thumb Code     0  startup_stm32l476xx.o(.text)
    TSC_IRQHandler                           0x080001b7   Thumb Code     0  startup_stm32l476xx.o(.text)
    UART4_IRQHandler                         0x080001b7   Thumb Code     0  startup_stm32l476xx.o(.text)
    UART5_IRQHandler                         0x080001b7   Thumb Code     0  startup_stm32l476xx.o(.text)
    USART1_IRQHandler                        0x080001b7   Thumb Code     0  startup_stm32l476xx.o(.text)
    USART2_IRQHandler                        0x080001b7   Thumb Code     0  startup_stm32l476xx.o(.text)
    USART3_IRQHandler                        0x080001b7   Thumb Code     0  startup_stm32l476xx.o(.text)
    WWDG_IRQHandler                          0x080001b7   Thumb Code     0  startup_stm32l476xx.o(.text)
    __aeabi_memset                           0x080001c1   Thumb Code    14  memseta.o(.text)
    __aeabi_memset4                          0x080001c1   Thumb Code     0  memseta.o(.text)
    __aeabi_memset8                          0x080001c1   Thumb Code     0  memseta.o(.text)
    __aeabi_memclr                           0x080001cf   Thumb Code     4  memseta.o(.text)
    __aeabi_memclr4                          0x080001cf   Thumb Code     0  memseta.o(.text)
    __aeabi_memclr8                          0x080001cf   Thumb Code     0  memseta.o(.text)
    _memset$wrapper                          0x080001d3   Thumb Code    18  memseta.o(.text)
    __aeabi_uidiv                            0x080001e5   Thumb Code     0  uidiv.o(.text)
    __aeabi_uidivmod                         0x080001e5   Thumb Code    44  uidiv.o(.text)
    __scatterload                            0x08000211   Thumb Code    28  init.o(.text)
    __scatterload_rt2                        0x08000211   Thumb Code     0  init.o(.text)
    BSP_JOY_GetState                         0x08000235   Thumb Code    40  stm32l476g_discovery.o(i.BSP_JOY_GetState)
    BSP_JOY_Init                             0x08000265   Thumb Code   158  stm32l476g_discovery.o(i.BSP_JOY_Init)
    BSP_LCD_GLASS_Clear                      0x0800031d   Thumb Code     6  stm32l476g_discovery_glass_lcd.o(i.BSP_LCD_GLASS_Clear)
    BSP_LCD_GLASS_DisplayChar                0x08000329   Thumb Code    16  stm32l476g_discovery_glass_lcd.o(i.BSP_LCD_GLASS_DisplayChar)
    BSP_LCD_GLASS_DisplayString              0x0800033d   Thumb Code    44  stm32l476g_discovery_glass_lcd.o(i.BSP_LCD_GLASS_DisplayString)
    BSP_LCD_GLASS_Init                       0x0800036d   Thumb Code    68  stm32l476g_discovery_glass_lcd.o(i.BSP_LCD_GLASS_Init)
    BSP_LCD_GLASS_ScrollSentence             0x080003b9   Thumb Code   208  stm32l476g_discovery_glass_lcd.o(i.BSP_LCD_GLASS_ScrollSentence)
    BSP_LED_Init                             0x08000499   Thumb Code    98  stm32l476g_discovery.o(i.BSP_LED_Init)
    BSP_LED_Toggle                           0x08000509   Thumb Code    16  stm32l476g_discovery.o(i.BSP_LED_Toggle)
    BusFault_Handler                         0x08000521   Thumb Code     2  stm32l4xx_it.o(i.BusFault_Handler)
    DebugMon_Handler                         0x0800062d   Thumb Code     2  stm32l4xx_it.o(i.DebugMon_Handler)
    EXTI0_IRQHandler                         0x0800062f   Thumb Code     6  stm32l4xx_it.o(i.EXTI0_IRQHandler)
    EXTI1_IRQHandler                         0x08000635   Thumb Code     6  stm32l4xx_it.o(i.EXTI1_IRQHandler)
    EXTI2_IRQHandler                         0x0800063b   Thumb Code     6  stm32l4xx_it.o(i.EXTI2_IRQHandler)
    EXTI3_IRQHandler                         0x08000641   Thumb Code     6  stm32l4xx_it.o(i.EXTI3_IRQHandler)
    EXTI9_5_IRQHandler                       0x08000647   Thumb Code     6  stm32l4xx_it.o(i.EXTI9_5_IRQHandler)
    HAL_DMA_Abort_IT                         0x0800064d   Thumb Code    78  stm32l4xx_hal_dma.o(i.HAL_DMA_Abort_IT)
    HAL_DMA_GetState                         0x0800069b   Thumb Code     6  stm32l4xx_hal_dma.o(i.HAL_DMA_GetState)
    HAL_Delay                                0x080006a1   Thumb Code    32  stm32l4xx_hal.o(i.HAL_Delay)
    HAL_GPIO_DeInit                          0x080006c5   Thumb Code   320  stm32l4xx_hal_gpio.o(i.HAL_GPIO_DeInit)
    HAL_GPIO_EXTI_Callback                   0x0800082d   Thumb Code    90  main.o(i.HAL_GPIO_EXTI_Callback)
    HAL_GPIO_EXTI_IRQHandler                 0x0800088d   Thumb Code    18  stm32l4xx_hal_gpio.o(i.HAL_GPIO_EXTI_IRQHandler)
    HAL_GPIO_Init                            0x080008a5   Thumb Code   570  stm32l4xx_hal_gpio.o(i.HAL_GPIO_Init)
    HAL_GPIO_ReadPin                         0x08000b0b   Thumb Code    10  stm32l4xx_hal_gpio.o(i.HAL_GPIO_ReadPin)
    HAL_GPIO_TogglePin                       0x08000b15   Thumb Code    16  stm32l4xx_hal_gpio.o(i.HAL_GPIO_TogglePin)
    HAL_GPIO_WritePin                        0x08000b25   Thumb Code    10  stm32l4xx_hal_gpio.o(i.HAL_GPIO_WritePin)
    HAL_GetTick                              0x08000b31   Thumb Code     6  stm32l4xx_hal.o(i.HAL_GetTick)
    HAL_I2CEx_ConfigAnalogFilter             0x08000b3d   Thumb Code    86  stm32l4xx_hal_i2c_ex.o(i.HAL_I2CEx_ConfigAnalogFilter)
    HAL_I2CEx_ConfigDigitalFilter            0x08000b93   Thumb Code    82  stm32l4xx_hal_i2c_ex.o(i.HAL_I2CEx_ConfigDigitalFilter)
    HAL_I2C_AbortCpltCallback                0x08000be5   Thumb Code     2  stm32l4xx_hal_i2c.o(i.HAL_I2C_AbortCpltCallback)
    HAL_I2C_AddrCallback                     0x08000be7   Thumb Code     2  stm32l4xx_hal_i2c.o(i.HAL_I2C_AddrCallback)
    HAL_I2C_DeInit                           0x08000be9   Thumb Code    50  stm32l4xx_hal_i2c.o(i.HAL_I2C_DeInit)
    HAL_I2C_ER_IRQHandler                    0x08000c1b   Thumb Code   104  stm32l4xx_hal_i2c.o(i.HAL_I2C_ER_IRQHandler)
    HAL_I2C_EV_IRQHandler                    0x08000c83   Thumb Code    16  stm32l4xx_hal_i2c.o(i.HAL_I2C_EV_IRQHandler)
    HAL_I2C_ErrorCallback                    0x08000c93   Thumb Code     2  stm32l4xx_hal_i2c.o(i.HAL_I2C_ErrorCallback)
    HAL_I2C_GetState                         0x08000c95   Thumb Code     6  stm32l4xx_hal_i2c.o(i.HAL_I2C_GetState)
    HAL_I2C_Init                             0x08000c9d   Thumb Code   178  stm32l4xx_hal_i2c.o(i.HAL_I2C_Init)
    HAL_I2C_ListenCpltCallback               0x08000d55   Thumb Code     2  stm32l4xx_hal_i2c.o(i.HAL_I2C_ListenCpltCallback)
    HAL_I2C_Mem_Read                         0x08000d59   Thumb Code   346  stm32l4xx_hal_i2c.o(i.HAL_I2C_Mem_Read)
    HAL_I2C_Mem_Write                        0x08000ec5   Thumb Code   340  stm32l4xx_hal_i2c.o(i.HAL_I2C_Mem_Write)
    HAL_I2C_MspDeInit                        0x08001025   Thumb Code    56  stm32l4xx_hal_msp.o(i.HAL_I2C_MspDeInit)
    HAL_I2C_MspInit                          0x08001069   Thumb Code   120  stm32l4xx_hal_msp.o(i.HAL_I2C_MspInit)
    HAL_I2C_SlaveRxCpltCallback              0x080010ed   Thumb Code     2  stm32l4xx_hal_i2c.o(i.HAL_I2C_SlaveRxCpltCallback)
    HAL_I2C_SlaveTxCpltCallback              0x080010ef   Thumb Code     2  stm32l4xx_hal_i2c.o(i.HAL_I2C_SlaveTxCpltCallback)
    HAL_IncTick                              0x080010f1   Thumb Code    12  stm32l4xx_hal.o(i.HAL_IncTick)
    HAL_Init                                 0x08001101   Thumb Code    40  stm32l4xx_hal.o(i.HAL_Init)
    HAL_InitTick                             0x0800112d   Thumb Code    58  stm32l4xx_hal.o(i.HAL_InitTick)
    HAL_LCD_Clear                            0x08001171   Thumb Code   122  stm32l4xx_hal_lcd.o(i.HAL_LCD_Clear)
    HAL_LCD_Init                             0x080011ed   Thumb Code   252  stm32l4xx_hal_lcd.o(i.HAL_LCD_Init)
    HAL_LCD_MspInit                          0x080012ed   Thumb Code     2  stm32l4xx_hal_lcd.o(i.HAL_LCD_MspInit)
    HAL_LCD_UpdateDisplayRequest             0x080012ef   Thumb Code    84  stm32l4xx_hal_lcd.o(i.HAL_LCD_UpdateDisplayRequest)
    HAL_LCD_Write                            0x08001345   Thumb Code   132  stm32l4xx_hal_lcd.o(i.HAL_LCD_Write)
    HAL_MspInit                              0x080013c9   Thumb Code    38  stm32l4xx_hal_msp.o(i.HAL_MspInit)
    HAL_NVIC_DisableIRQ                      0x080013f5   Thumb Code    34  stm32l4xx_hal_cortex.o(i.HAL_NVIC_DisableIRQ)
    HAL_NVIC_EnableIRQ                       0x08001417   Thumb Code    26  stm32l4xx_hal_cortex.o(i.HAL_NVIC_EnableIRQ)
    HAL_NVIC_SetPriority                     0x08001431   Thumb Code    60  stm32l4xx_hal_cortex.o(i.HAL_NVIC_SetPriority)
    HAL_NVIC_SetPriorityGrouping             0x08001471   Thumb Code    26  stm32l4xx_hal_cortex.o(i.HAL_NVIC_SetPriorityGrouping)
    HAL_PWREx_ControlVoltageScaling          0x08001495   Thumb Code    90  stm32l4xx_hal_pwr_ex.o(i.HAL_PWREx_ControlVoltageScaling)
    HAL_PWREx_EnableVddIO2                   0x080014fd   Thumb Code    12  stm32l4xx_hal_pwr_ex.o(i.HAL_PWREx_EnableVddIO2)
    HAL_PWREx_GetVoltageRange                0x0800150d   Thumb Code    10  stm32l4xx_hal_pwr_ex.o(i.HAL_PWREx_GetVoltageRange)
    HAL_RCCEx_PeriphCLKConfig                0x0800151d   Thumb Code   928  stm32l4xx_hal_rcc_ex.o(i.HAL_RCCEx_PeriphCLKConfig)
    HAL_RCC_ClockConfig                      0x080018cd   Thumb Code   266  stm32l4xx_hal_rcc.o(i.HAL_RCC_ClockConfig)
    HAL_RCC_GetSysClockFreq                  0x080019ed   Thumb Code   150  stm32l4xx_hal_rcc.o(i.HAL_RCC_GetSysClockFreq)
    HAL_RCC_OscConfig                        0x08001a91   Thumb Code  1310  stm32l4xx_hal_rcc.o(i.HAL_RCC_OscConfig)
    HAL_RTCEx_AlarmBEventCallback            0x08001fb9   Thumb Code     2  stm32l4xx_hal_rtc_ex.o(i.HAL_RTCEx_AlarmBEventCallback)
    HAL_RTC_AlarmAEventCallback              0x08001fbd   Thumb Code    34  main.o(i.HAL_RTC_AlarmAEventCallback)
    HAL_RTC_AlarmIRQHandler                  0x08001fe9   Thumb Code    84  stm32l4xx_hal_rtc.o(i.HAL_RTC_AlarmIRQHandler)
    HAL_RTC_GetDate                          0x08002041   Thumb Code    62  stm32l4xx_hal_rtc.o(i.HAL_RTC_GetDate)
    HAL_RTC_GetTime                          0x08002085   Thumb Code    78  stm32l4xx_hal_rtc.o(i.HAL_RTC_GetTime)
    HAL_RTC_Init                             0x080020d9   Thumb Code   150  stm32l4xx_hal_rtc.o(i.HAL_RTC_Init)
    HAL_RTC_MspInit                          0x08002175   Thumb Code    44  stm32l4xx_hal_msp.o(i.HAL_RTC_MspInit)
    HAL_RTC_SetAlarm_IT                      0x080021a9   Thumb Code   396  stm32l4xx_hal_rtc.o(i.HAL_RTC_SetAlarm_IT)
    HAL_RTC_SetDate                          0x08002341   Thumb Code   156  stm32l4xx_hal_rtc.o(i.HAL_RTC_SetDate)
    HAL_RTC_SetTime                          0x080023e1   Thumb Code   198  stm32l4xx_hal_rtc.o(i.HAL_RTC_SetTime)
    HAL_RTC_WaitForSynchro                   0x080024ad   Thumb Code    54  stm32l4xx_hal_rtc.o(i.HAL_RTC_WaitForSynchro)
    HAL_SYSTICK_Config                       0x080024e3   Thumb Code    40  stm32l4xx_hal_cortex.o(i.HAL_SYSTICK_Config)
    HardFault_Handler                        0x0800250b   Thumb Code     2  stm32l4xx_it.o(i.HardFault_Handler)
    I2C1_ER_IRQHandler                       0x0800250d   Thumb Code     6  stm32l4xx_it.o(i.I2C1_ER_IRQHandler)
    I2C1_EV_IRQHandler                       0x08002519   Thumb Code     6  stm32l4xx_it.o(i.I2C1_EV_IRQHandler)
    I2C_ByteRead                             0x08002525   Thumb Code    46  i2c_at24c64.o(i.I2C_ByteRead)
    I2C_ByteWrite                            0x08002555   Thumb Code    74  i2c_at24c64.o(i.I2C_ByteWrite)
    I2C_Error                                0x08002617   Thumb Code    18  i2c_at24c64.o(i.I2C_Error)
    I2C_Init                                 0x080029d5   Thumb Code    58  i2c_at24c64.o(i.I2C_Init)
    LCD_WaitForSynchro                       0x08002f85   Thumb Code    48  stm32l4xx_hal_lcd.o(i.LCD_WaitForSynchro)
    MemManage_Handler                        0x08003159   Thumb Code     2  stm32l4xx_it.o(i.MemManage_Handler)
    NMI_Handler                              0x0800315b   Thumb Code     2  stm32l4xx_it.o(i.NMI_Handler)
    PendSV_Handler                           0x0800315d   Thumb Code     2  stm32l4xx_it.o(i.PendSV_Handler)
    RTC_Alarm_IRQHandler                     0x08003411   Thumb Code     6  stm32l4xx_it.o(i.RTC_Alarm_IRQHandler)
    RTC_Bcd2ToByte                           0x0800341d   Thumb Code    18  stm32l4xx_hal_rtc.o(i.RTC_Bcd2ToByte)
    RTC_ByteToBcd2                           0x0800342f   Thumb Code    24  stm32l4xx_hal_rtc.o(i.RTC_ByteToBcd2)
    RTC_EnterInitMode                        0x08003449   Thumb Code    70  stm32l4xx_hal_rtc.o(i.RTC_EnterInitMode)
    RTC_ExitInitMode                         0x08003491   Thumb Code    82  stm32l4xx_hal_rtc.o(i.RTC_ExitInitMode)
    ReadEEPROM                               0x080034e9   Thumb Code   116  main.o(i.ReadEEPROM)
    SVC_Handler                              0x0800356b   Thumb Code     2  stm32l4xx_it.o(i.SVC_Handler)
    SysTick_Handler                          0x0800356d   Thumb Code     4  stm32l4xx_it.o(i.SysTick_Handler)
    SystemClock_Config                       0x08003571   Thumb Code   100  main.o(i.SystemClock_Config)
    SystemInit                               0x080035d9   Thumb Code    56  system_stm32l4xx_1.o(i.SystemInit)
    UsageFault_Handler                       0x0800361d   Thumb Code     2  stm32l4xx_it.o(i.UsageFault_Handler)
    WriteEEPROM                              0x08003a81   Thumb Code   150  main.o(i.WriteEEPROM)
    __0sprintf$6                             0x08003b21   Thumb Code    34  printf6.o(i.__0sprintf$6)
    __1sprintf$6                             0x08003b21   Thumb Code     0  printf6.o(i.__0sprintf$6)
    __2sprintf                               0x08003b21   Thumb Code     0  printf6.o(i.__0sprintf$6)
    __scatterload_copy                       0x08003b69   Thumb Code    14  handlers.o(i.__scatterload_copy)
    __scatterload_null                       0x08003b77   Thumb Code     2  handlers.o(i.__scatterload_null)
    __scatterload_zeroinit                   0x08003b79   Thumb Code    14  handlers.o(i.__scatterload_zeroinit)
    displayCDate                             0x08003edd   Thumb Code    46  main.o(i.displayCDate)
    displayCTime                             0x08003f39   Thumb Code    56  main.o(i.displayCTime)
    displayEEPROM                            0x08003f81   Thumb Code    46  main.o(i.displayEEPROM)
    main                                     0x08003fe1   Thumb Code   540  main.o(i.main)
    LED_PIN                                  0x08004244   Data           4  stm32l476g_discovery.o(.constdata)
    JOY_IRQn                                 0x08004248   Data           5  stm32l476g_discovery.o(.constdata)
    JOY_PIN                                  0x0800424e   Data          10  stm32l476g_discovery.o(.constdata)
    CapLetterMap                             0x08004258   Data          52  stm32l476g_discovery_glass_lcd.o(.constdata)
    NumberMap                                0x0800428c   Data          20  stm32l476g_discovery_glass_lcd.o(.constdata)
    AHBPrescTable                            0x080042a0   Data          16  system_stm32l4xx_1.o(.constdata)
    MSIRangeTable                            0x080042b0   Data          48  system_stm32l4xx_1.o(.constdata)
    Region$$Table$$Base                      0x080042e0   Number         0  anon$$obj.o(Region$$Table)
    Region$$Table$$Limit                     0x08004300   Number         0  anon$$obj.o(Region$$Table)
    state                                    0x20000000   Data           1  main.o(.data)
    field                                    0x20000001   Data           1  main.o(.data)
    memLocation                              0x20000002   Data           2  main.o(.data)
    StartTime                                0x20000004   Data           4  main.o(.data)
    IncrementSet                             0x20000008   Data           4  main.o(.data)
    Date                                     0x2000000c   Data           4  main.o(.data)
    status                                   0x20000010   Data           1  i2c_at24c64.o(.data)
    I2c1Timeout                              0x20000014   Data           4  stm32l476g_discovery.o(.data)
    I2c2Timeout                              0x20000018   Data           4  stm32l476g_discovery.o(.data)
    LED_PORT                                 0x2000001c   Data           8  stm32l476g_discovery.o(.data)
    JOY_PORT                                 0x20000024   Data          20  stm32l476g_discovery.o(.data)
    bLCDGlass_KeyPressed                     0x20000038   Data           1  stm32l476g_discovery_glass_lcd.o(.data)
    LCDBar                                   0x20000039   Data           1  stm32l476g_discovery_glass_lcd.o(.data)
    uwTickFreq                               0x2000003c   Data           1  stm32l4xx_hal.o(.data)
    uwTickPrio                               0x20000040   Data           4  stm32l4xx_hal.o(.data)
    uwTick                                   0x20000044   Data           4  stm32l4xx_hal.o(.data)
    SystemCoreClock                          0x20000048   Data           4  system_stm32l4xx_1.o(.data)
    hi2c1                                    0x2000004c   Data          76  main.o(.bss)
    hrtc                                     0x20000098   Data          36  main.o(.bss)
    Time                                     0x200000bc   Data          20  main.o(.bss)
    active                                   0x200000d0   Data          64  main.o(.bss)
    LCDHandle                                0x20000110   Data          60  stm32l476g_discovery_glass_lcd.o(.bss)
    Digit                                    0x2000014c   Data          16  stm32l476g_discovery_glass_lcd.o(.bss)
    __initial_sp                             0x20000560   Data           0  startup_stm32l476xx.o(STACK)



==============================================================================

Memory Map of the image

  Image Entry point : 0x08000189

  Load Region LR_IROM1 (Base: 0x08000000, Size: 0x0000434c, Max: 0x00100000, ABSOLUTE)

    Execution Region ER_IROM1 (Base: 0x08000000, Size: 0x00004300, Max: 0x00100000, ABSOLUTE)

    Base Addr    Size         Type   Attr      Idx    E Section Name        Object

    0x08000000   0x00000188   Data   RO            3    RESET               startup_stm32l476xx.o
    0x08000188   0x00000000   Code   RO         3283  * .ARM.Collect$$$$00000000  mc_w.l(entry.o)
    0x08000188   0x00000004   Code   RO         3549    .ARM.Collect$$$$00000001  mc_w.l(entry2.o)
    0x0800018c   0x00000004   Code   RO         3552    .ARM.Collect$$$$00000004  mc_w.l(entry5.o)
    0x08000190   0x00000000   Code   RO         3554    .ARM.Collect$$$$00000008  mc_w.l(entry7b.o)
    0x08000190   0x00000000   Code   RO         3556    .ARM.Collect$$$$0000000A  mc_w.l(entry8b.o)
    0x08000190   0x00000008   Code   RO         3557    .ARM.Collect$$$$0000000B  mc_w.l(entry9a.o)
    0x08000198   0x00000000   Code   RO         3559    .ARM.Collect$$$$0000000D  mc_w.l(entry10a.o)
    0x08000198   0x00000000   Code   RO         3561    .ARM.Collect$$$$0000000F  mc_w.l(entry11a.o)
    0x08000198   0x00000004   Code   RO         3550    .ARM.Collect$$$$00002712  mc_w.l(entry2.o)
    0x0800019c   0x00000024   Code   RO            4    .text               startup_stm32l476xx.o
    0x080001c0   0x00000024   Code   RO         3286    .text               mc_w.l(memseta.o)
    0x080001e4   0x0000002c   Code   RO         3566    .text               mc_w.l(uidiv.o)
    0x08000210   0x00000024   Code   RO         3581    .text               mc_w.l(init.o)
    0x08000234   0x00000030   Code   RO          469    i.BSP_JOY_GetState  stm32l476g_discovery.o
    0x08000264   0x000000b6   Code   RO          470    i.BSP_JOY_Init      stm32l476g_discovery.o
    0x0800031a   0x00000002   PAD
    0x0800031c   0x0000000c   Code   RO          677    i.BSP_LCD_GLASS_Clear  stm32l476g_discovery_glass_lcd.o
    0x08000328   0x00000014   Code   RO          682    i.BSP_LCD_GLASS_DisplayChar  stm32l476g_discovery_glass_lcd.o
    0x0800033c   0x00000030   Code   RO          684    i.BSP_LCD_GLASS_DisplayString  stm32l476g_discovery_glass_lcd.o
    0x0800036c   0x0000004c   Code   RO          685    i.BSP_LCD_GLASS_Init  stm32l476g_discovery_glass_lcd.o
    0x080003b8   0x000000de   Code   RO          686    i.BSP_LCD_GLASS_ScrollSentence  stm32l476g_discovery_glass_lcd.o
    0x08000496   0x00000002   PAD
    0x08000498   0x00000070   Code   RO          472    i.BSP_LED_Init      stm32l476g_discovery.o
    0x08000508   0x00000018   Code   RO          475    i.BSP_LED_Toggle    stm32l476g_discovery.o
    0x08000520   0x00000002   Code   RO          225    i.BusFault_Handler  stm32l4xx_it.o
    0x08000522   0x00000002   PAD
    0x08000524   0x00000108   Code   RO          687    i.Convert           stm32l476g_discovery_glass_lcd.o
    0x0800062c   0x00000002   Code   RO          226    i.DebugMon_Handler  stm32l4xx_it.o
    0x0800062e   0x00000006   Code   RO          227    i.EXTI0_IRQHandler  stm32l4xx_it.o
    0x08000634   0x00000006   Code   RO          228    i.EXTI1_IRQHandler  stm32l4xx_it.o
    0x0800063a   0x00000006   Code   RO          229    i.EXTI2_IRQHandler  stm32l4xx_it.o
    0x08000640   0x00000006   Code   RO          230    i.EXTI3_IRQHandler  stm32l4xx_it.o
    0x08000646   0x00000006   Code   RO          231    i.EXTI9_5_IRQHandler  stm32l4xx_it.o
    0x0800064c   0x0000004e   Code   RO         2067    i.HAL_DMA_Abort_IT  stm32l4xx_hal_dma.o
    0x0800069a   0x00000006   Code   RO         2070    i.HAL_DMA_GetState  stm32l4xx_hal_dma.o
    0x080006a0   0x00000024   Code   RO         1312    i.HAL_Delay         stm32l4xx_hal.o
    0x080006c4   0x00000166   Code   RO         1999    i.HAL_GPIO_DeInit   stm32l4xx_hal_gpio.o
    0x0800082a   0x00000002   PAD
    0x0800082c   0x00000060   Code   RO           14    i.HAL_GPIO_EXTI_Callback  main.o
    0x0800088c   0x00000018   Code   RO         2001    i.HAL_GPIO_EXTI_IRQHandler  stm32l4xx_hal_gpio.o
    0x080008a4   0x00000266   Code   RO         2002    i.HAL_GPIO_Init     stm32l4xx_hal_gpio.o
    0x08000b0a   0x0000000a   Code   RO         2004    i.HAL_GPIO_ReadPin  stm32l4xx_hal_gpio.o
    0x08000b14   0x00000010   Code   RO         2005    i.HAL_GPIO_TogglePin  stm32l4xx_hal_gpio.o
    0x08000b24   0x0000000a   Code   RO         2006    i.HAL_GPIO_WritePin  stm32l4xx_hal_gpio.o
    0x08000b2e   0x00000002   PAD
    0x08000b30   0x0000000c   Code   RO         1316    i.HAL_GetTick       stm32l4xx_hal.o
    0x08000b3c   0x00000056   Code   RO         1251    i.HAL_I2CEx_ConfigAnalogFilter  stm32l4xx_hal_i2c_ex.o
    0x08000b92   0x00000052   Code   RO         1252    i.HAL_I2CEx_ConfigDigitalFilter  stm32l4xx_hal_i2c_ex.o
    0x08000be4   0x00000002   Code   RO          789    i.HAL_I2C_AbortCpltCallback  stm32l4xx_hal_i2c.o
    0x08000be6   0x00000002   Code   RO          790    i.HAL_I2C_AddrCallback  stm32l4xx_hal_i2c.o
    0x08000be8   0x00000032   Code   RO          791    i.HAL_I2C_DeInit    stm32l4xx_hal_i2c.o
    0x08000c1a   0x00000068   Code   RO          793    i.HAL_I2C_ER_IRQHandler  stm32l4xx_hal_i2c.o
    0x08000c82   0x00000010   Code   RO          794    i.HAL_I2C_EV_IRQHandler  stm32l4xx_hal_i2c.o
    0x08000c92   0x00000002   Code   RO          796    i.HAL_I2C_ErrorCallback  stm32l4xx_hal_i2c.o
    0x08000c94   0x00000006   Code   RO          799    i.HAL_I2C_GetState  stm32l4xx_hal_i2c.o
    0x08000c9a   0x00000002   PAD
    0x08000c9c   0x000000b8   Code   RO          800    i.HAL_I2C_Init      stm32l4xx_hal_i2c.o
    0x08000d54   0x00000002   Code   RO          802    i.HAL_I2C_ListenCpltCallback  stm32l4xx_hal_i2c.o
    0x08000d56   0x00000002   PAD
    0x08000d58   0x0000016a   Code   RO          818    i.HAL_I2C_Mem_Read  stm32l4xx_hal_i2c.o
    0x08000ec2   0x00000002   PAD
    0x08000ec4   0x0000015e   Code   RO          821    i.HAL_I2C_Mem_Write  stm32l4xx_hal_i2c.o
    0x08001022   0x00000002   PAD
    0x08001024   0x00000044   Code   RO          349    i.HAL_I2C_MspDeInit  stm32l4xx_hal_msp.o
    0x08001068   0x00000084   Code   RO          350    i.HAL_I2C_MspInit   stm32l4xx_hal_msp.o
    0x080010ec   0x00000002   Code   RO          826    i.HAL_I2C_SlaveRxCpltCallback  stm32l4xx_hal_i2c.o
    0x080010ee   0x00000002   Code   RO          827    i.HAL_I2C_SlaveTxCpltCallback  stm32l4xx_hal_i2c.o
    0x080010f0   0x00000010   Code   RO         1322    i.HAL_IncTick       stm32l4xx_hal.o
    0x08001100   0x0000002c   Code   RO         1323    i.HAL_Init          stm32l4xx_hal.o
    0x0800112c   0x00000044   Code   RO         1324    i.HAL_InitTick      stm32l4xx_hal.o
    0x08001170   0x0000007a   Code   RO         3170    i.HAL_LCD_Clear     stm32l4xx_hal_lcd.o
    0x080011ea   0x00000002   PAD
    0x080011ec   0x00000100   Code   RO         3174    i.HAL_LCD_Init      stm32l4xx_hal_lcd.o
    0x080012ec   0x00000002   Code   RO         3176    i.HAL_LCD_MspInit   stm32l4xx_hal_lcd.o
    0x080012ee   0x00000054   Code   RO         3177    i.HAL_LCD_UpdateDisplayRequest  stm32l4xx_hal_lcd.o
    0x08001342   0x00000002   PAD
    0x08001344   0x00000084   Code   RO         3178    i.HAL_LCD_Write     stm32l4xx_hal_lcd.o
    0x080013c8   0x0000002c   Code   RO          351    i.HAL_MspInit       stm32l4xx_hal_msp.o
    0x080013f4   0x00000022   Code   RO         2548    i.HAL_NVIC_DisableIRQ  stm32l4xx_hal_cortex.o
    0x08001416   0x0000001a   Code   RO         2549    i.HAL_NVIC_EnableIRQ  stm32l4xx_hal_cortex.o
    0x08001430   0x00000040   Code   RO         2555    i.HAL_NVIC_SetPriority  stm32l4xx_hal_cortex.o
    0x08001470   0x00000024   Code   RO         2556    i.HAL_NVIC_SetPriorityGrouping  stm32l4xx_hal_cortex.o
    0x08001494   0x00000068   Code   RO         2293    i.HAL_PWREx_ControlVoltageScaling  stm32l4xx_hal_pwr_ex.o
    0x080014fc   0x00000010   Code   RO         2318    i.HAL_PWREx_EnableVddIO2  stm32l4xx_hal_pwr_ex.o
    0x0800150c   0x00000010   Code   RO         2324    i.HAL_PWREx_GetVoltageRange  stm32l4xx_hal_pwr_ex.o
    0x0800151c   0x000003ae   Code   RO         1655    i.HAL_RCCEx_PeriphCLKConfig  stm32l4xx_hal_rcc_ex.o
    0x080018ca   0x00000002   PAD
    0x080018cc   0x00000120   Code   RO         1540    i.HAL_RCC_ClockConfig  stm32l4xx_hal_rcc.o
    0x080019ec   0x000000a4   Code   RO         1548    i.HAL_RCC_GetSysClockFreq  stm32l4xx_hal_rcc.o
    0x08001a90   0x00000528   Code   RO         1551    i.HAL_RCC_OscConfig  stm32l4xx_hal_rcc.o
    0x08001fb8   0x00000002   Code   RO         2894    i.HAL_RTCEx_AlarmBEventCallback  stm32l4xx_hal_rtc_ex.o
    0x08001fba   0x00000002   PAD
    0x08001fbc   0x0000002c   Code   RO           15    i.HAL_RTC_AlarmAEventCallback  main.o
    0x08001fe8   0x00000058   Code   RO         2752    i.HAL_RTC_AlarmIRQHandler  stm32l4xx_hal_rtc.o
    0x08002040   0x00000044   Code   RO         2756    i.HAL_RTC_GetDate   stm32l4xx_hal_rtc.o
    0x08002084   0x00000054   Code   RO         2758    i.HAL_RTC_GetTime   stm32l4xx_hal_rtc.o
    0x080020d8   0x0000009c   Code   RO         2759    i.HAL_RTC_Init      stm32l4xx_hal_rtc.o
    0x08002174   0x00000034   Code   RO          353    i.HAL_RTC_MspInit   stm32l4xx_hal_msp.o
    0x080021a8   0x00000196   Code   RO         2764    i.HAL_RTC_SetAlarm_IT  stm32l4xx_hal_rtc.o
    0x0800233e   0x00000002   PAD
    0x08002340   0x000000a0   Code   RO         2765    i.HAL_RTC_SetDate   stm32l4xx_hal_rtc.o
    0x080023e0   0x000000cc   Code   RO         2766    i.HAL_RTC_SetTime   stm32l4xx_hal_rtc.o
    0x080024ac   0x00000036   Code   RO         2767    i.HAL_RTC_WaitForSynchro  stm32l4xx_hal_rtc.o
    0x080024e2   0x00000028   Code   RO         2560    i.HAL_SYSTICK_Config  stm32l4xx_hal_cortex.o
    0x0800250a   0x00000002   Code   RO          232    i.HardFault_Handler  stm32l4xx_it.o
    0x0800250c   0x0000000c   Code   RO          233    i.I2C1_ER_IRQHandler  stm32l4xx_it.o
    0x08002518   0x0000000c   Code   RO          234    i.I2C1_EV_IRQHandler  stm32l4xx_it.o
    0x08002524   0x0000002e   Code   RO          398    i.I2C_ByteRead      i2c_at24c64.o
    0x08002552   0x00000002   PAD
    0x08002554   0x00000050   Code   RO          399    i.I2C_ByteWrite     i2c_at24c64.o
    0x080025a4   0x00000014   Code   RO          839    i.I2C_DMAAbort      stm32l4xx_hal_i2c.o
    0x080025b8   0x0000005e   Code   RO          845    i.I2C_Disable_IRQ   stm32l4xx_hal_i2c.o
    0x08002616   0x00000012   Code   RO          400    i.I2C_Error         i2c_at24c64.o
    0x08002628   0x00000022   Code   RO          847    i.I2C_Flush_TXDR    stm32l4xx_hal_i2c.o
    0x0800264a   0x0000008c   Code   RO          848    i.I2C_ITAddrCplt    stm32l4xx_hal_i2c.o
    0x080026d6   0x00000002   PAD
    0x080026d8   0x000000f4   Code   RO          849    i.I2C_ITError       stm32l4xx_hal_i2c.o
    0x080027cc   0x00000064   Code   RO          850    i.I2C_ITListenCplt  stm32l4xx_hal_i2c.o
    0x08002830   0x00000130   Code   RO          853    i.I2C_ITSlaveCplt   stm32l4xx_hal_i2c.o
    0x08002960   0x00000072   Code   RO          854    i.I2C_ITSlaveSeqCplt  stm32l4xx_hal_i2c.o
    0x080029d2   0x00000002   PAD
    0x080029d4   0x00000044   Code   RO          401    i.I2C_Init          i2c_at24c64.o
    0x08002a18   0x00000084   Code   RO          855    i.I2C_IsAcknowledgeFailed  stm32l4xx_hal_i2c.o
    0x08002a9c   0x000000ac   Code   RO          402    i.I2C_MspInit       i2c_at24c64.o
    0x08002b48   0x00000064   Code   RO          858    i.I2C_RequestMemoryRead  stm32l4xx_hal_i2c.o
    0x08002bac   0x00000064   Code   RO          859    i.I2C_RequestMemoryWrite  stm32l4xx_hal_i2c.o
    0x08002c10   0x00000120   Code   RO          861    i.I2C_Slave_ISR_IT  stm32l4xx_hal_i2c.o
    0x08002d30   0x0000002c   Code   RO          862    i.I2C_TransferConfig  stm32l4xx_hal_i2c.o
    0x08002d5c   0x0000002a   Code   RO          863    i.I2C_TreatErrorCallback  stm32l4xx_hal_i2c.o
    0x08002d86   0x00000058   Code   RO          864    i.I2C_WaitOnFlagUntilTimeout  stm32l4xx_hal_i2c.o
    0x08002dde   0x0000004c   Code   RO          866    i.I2C_WaitOnSTOPFlagUntilTimeout  stm32l4xx_hal_i2c.o
    0x08002e2a   0x00000050   Code   RO          867    i.I2C_WaitOnTXISFlagUntilTimeout  stm32l4xx_hal_i2c.o
    0x08002e7a   0x00000002   PAD
    0x08002e7c   0x00000108   Code   RO          689    i.LCD_MspInit       stm32l476g_discovery_glass_lcd.o
    0x08002f84   0x00000030   Code   RO         3179    i.LCD_WaitForSynchro  stm32l4xx_hal_lcd.o
    0x08002fb4   0x000000b4   Code   RO           16    i.MX_GPIO_Init      main.o
    0x08003068   0x00000040   Code   RO           17    i.MX_I2C1_Init      main.o
    0x080030a8   0x000000b0   Code   RO           18    i.MX_RTC_Init       main.o
    0x08003158   0x00000002   Code   RO          235    i.MemManage_Handler  stm32l4xx_it.o
    0x0800315a   0x00000002   Code   RO          236    i.NMI_Handler       stm32l4xx_it.o
    0x0800315c   0x00000002   Code   RO          237    i.PendSV_Handler    stm32l4xx_it.o
    0x0800315e   0x00000002   PAD
    0x08003160   0x0000012c   Code   RO         1659    i.RCCEx_PLLSAI1_Config  stm32l4xx_hal_rcc_ex.o
    0x0800328c   0x00000108   Code   RO         1660    i.RCCEx_PLLSAI2_Config  stm32l4xx_hal_rcc_ex.o
    0x08003394   0x0000007c   Code   RO         1552    i.RCC_SetFlashLatencyFromMSIRange  stm32l4xx_hal_rcc.o
    0x08003410   0x0000000c   Code   RO          238    i.RTC_Alarm_IRQHandler  stm32l4xx_it.o
    0x0800341c   0x00000012   Code   RO         2768    i.RTC_Bcd2ToByte    stm32l4xx_hal_rtc.o
    0x0800342e   0x00000018   Code   RO         2769    i.RTC_ByteToBcd2    stm32l4xx_hal_rtc.o
    0x08003446   0x00000002   PAD
    0x08003448   0x00000046   Code   RO         2770    i.RTC_EnterInitMode  stm32l4xx_hal_rtc.o
    0x0800348e   0x00000002   PAD
    0x08003490   0x00000058   Code   RO         2771    i.RTC_ExitInitMode  stm32l4xx_hal_rtc.o
    0x080034e8   0x00000082   Code   RO           19    i.ReadEEPROM        main.o
    0x0800356a   0x00000002   Code   RO          239    i.SVC_Handler       stm32l4xx_it.o
    0x0800356c   0x00000004   Code   RO          240    i.SysTick_Handler   stm32l4xx_it.o
    0x08003570   0x00000068   Code   RO           20    i.SystemClock_Config  main.o
    0x080035d8   0x00000044   Code   RO         3249    i.SystemInit        system_stm32l4xx_1.o
    0x0800361c   0x00000002   Code   RO          241    i.UsageFault_Handler  stm32l4xx_it.o
    0x0800361e   0x00000002   PAD
    0x08003620   0x00000460   Code   RO          690    i.WriteChar         stm32l476g_discovery_glass_lcd.o
    0x08003a80   0x000000a0   Code   RO           21    i.WriteEEPROM       main.o
    0x08003b20   0x00000028   Code   RO         3445    i.__0sprintf$6      mc_w.l(printf6.o)
    0x08003b48   0x00000020   Code   RO         2562    i.__NVIC_SetPriority  stm32l4xx_hal_cortex.o
    0x08003b68   0x0000000e   Code   RO         3595    i.__scatterload_copy  mc_w.l(handlers.o)
    0x08003b76   0x00000002   Code   RO         3596    i.__scatterload_null  mc_w.l(handlers.o)
    0x08003b78   0x0000000e   Code   RO         3597    i.__scatterload_zeroinit  mc_w.l(handlers.o)
    0x08003b86   0x00000002   PAD
    0x08003b88   0x000002f6   Code   RO         3450    i._printf_core      mc_w.l(printf6.o)
    0x08003e7e   0x00000024   Code   RO         3451    i._printf_post_padding  mc_w.l(printf6.o)
    0x08003ea2   0x0000002e   Code   RO         3452    i._printf_pre_padding  mc_w.l(printf6.o)
    0x08003ed0   0x0000000a   Code   RO         3454    i._sputc            mc_w.l(printf6.o)
    0x08003eda   0x00000002   PAD
    0x08003edc   0x0000005c   Code   RO           22    i.displayCDate      main.o
    0x08003f38   0x00000048   Code   RO           23    i.displayCTime      main.o
    0x08003f80   0x00000060   Code   RO           24    i.displayEEPROM     main.o
    0x08003fe0   0x00000264   Code   RO           25    i.main              main.o
    0x08004244   0x00000014   Data   RO          496    .constdata          stm32l476g_discovery.o
    0x08004258   0x00000048   Data   RO          692    .constdata          stm32l476g_discovery_glass_lcd.o
    0x080042a0   0x00000040   Data   RO         3250    .constdata          system_stm32l4xx_1.o
    0x080042e0   0x00000020   Data   RO         3593    Region$$Table       anon$$obj.o


    Execution Region RW_IRAM2 (Base: 0x10000000, Size: 0x00000000, Max: 0x00008000, ABSOLUTE)

    **** No section assigned to this execution region ****


    Execution Region RW_IRAM1 (Base: 0x20000000, Size: 0x00000560, Max: 0x00018000, ABSOLUTE)

    Base Addr    Size         Type   Attr      Idx    E Section Name        Object

    0x20000000   0x00000010   Data   RW           27    .data               main.o
    0x20000010   0x00000001   Data   RW          404    .data               i2c_at24c64.o
    0x20000011   0x00000003   PAD
    0x20000014   0x00000024   Data   RW          497    .data               stm32l476g_discovery.o
    0x20000038   0x00000002   Data   RW          693    .data               stm32l476g_discovery_glass_lcd.o
    0x2000003a   0x00000002   PAD
    0x2000003c   0x0000000c   Data   RW         1340    .data               stm32l4xx_hal.o
    0x20000048   0x00000004   Data   RW         3252    .data               system_stm32l4xx_1.o
    0x2000004c   0x000000c4   Zero   RW           26    .bss                main.o
    0x20000110   0x0000004c   Zero   RW          691    .bss                stm32l476g_discovery_glass_lcd.o
    0x2000015c   0x00000004   PAD
    0x20000160   0x00000400   Zero   RW            1    STACK               startup_stm32l476xx.o


==============================================================================

Image component sizes


      Code (inc. data)   RO Data    RW Data    ZI Data      Debug   Object Name

       384         24          0          1          0       4127   i2c_at24c64.o
      1826        270          0         16        196     849331   main.o
        36          8        392          0       1024        864   startup_stm32l476xx.o
       366         48         20         36          0       5283   stm32l476g_discovery.o
      2026        110         72          2         76       7843   stm32l476g_discovery_glass_lcd.o
       176         28          0         12          0      14625   stm32l4xx_hal.o
       232         14          0          0          0      34733   stm32l4xx_hal_cortex.o
        84          0          0          0          0       1758   stm32l4xx_hal_dma.o
      1032         76          0          0          0       5689   stm32l4xx_hal_gpio.o
      3084         72          0          0          0      26090   stm32l4xx_hal_i2c.o
       168          0          0          0          0       1995   stm32l4xx_hal_i2c_ex.o
       644          4          0          0          0       5589   stm32l4xx_hal_lcd.o
       296         38          0          0          0       2934   stm32l4xx_hal_msp.o
       136         24          0          0          0       1995   stm32l4xx_hal_pwr_ex.o
      1896         74          0          0          0       5866   stm32l4xx_hal_rcc.o
      1506         44          0          0          0       4164   stm32l4xx_hal_rcc_ex.o
      1420         42          0          0          0      10555   stm32l4xx_hal_rtc.o
         2          0          0          0          0       1020   stm32l4xx_hal_rtc_ex.o
        86         18          0          0          0       8392   stm32l4xx_it.o
        68         12         64          4          0       1321   system_stm32l4xx_1.o

    ----------------------------------------------------------------------
     15512        906        580         76       1300     994174   Object Totals
         0          0         32          0          0          0   (incl. Generated)
        44          0          0          5          4          0   (incl. Padding)

    ----------------------------------------------------------------------

      Code (inc. data)   RO Data    RW Data    ZI Data      Debug   Library Member Name

         0          0          0          0          0          0   entry.o
         0          0          0          0          0          0   entry10a.o
         0          0          0          0          0          0   entry11a.o
         8          4          0          0          0          0   entry2.o
         4          0          0          0          0          0   entry5.o
         0          0          0          0          0          0   entry7b.o
         0          0          0          0          0          0   entry8b.o
         8          4          0          0          0          0   entry9a.o
        30          0          0          0          0          0   handlers.o
        36          8          0          0          0         68   init.o
        36          0          0          0          0        108   memseta.o
       890         10          0          0          0        420   printf6.o
        44          0          0          0          0         80   uidiv.o

    ----------------------------------------------------------------------
      1060         26          0          0          0        676   Library Totals
         4          0          0          0          0          0   (incl. Padding)

    ----------------------------------------------------------------------

      Code (inc. data)   RO Data    RW Data    ZI Data      Debug   Library Name

      1056         26          0          0          0        676   mc_w.l

    ----------------------------------------------------------------------
      1060         26          0          0          0        676   Library Totals

    ----------------------------------------------------------------------

==============================================================================


      Code (inc. data)   RO Data    RW Data    ZI Data      Debug   

     16572        932        580         76       1300     982494   Grand Totals
     16572        932        580         76       1300     982494   ELF Image Totals
     16572        932        580         76          0          0   ROM Totals

==============================================================================

    Total RO  Size (Code + RO Data)                17152 (  16.75kB)
    Total RW  Size (RW Data + ZI Data)              1376 (   1.34kB)
    Total ROM Size (Code + RO Data + RW Data)      17228 (  16.82kB)

==============================================================================

